08:29:18 **** Build of project ZCU106_CustomIP_APP_bsp ****
make -k all 
"Running Make include in psu_cortexa53_0/libsrc/avbuf_v2_1/src"
make -C psu_cortexa53_0/libsrc/avbuf_v2_1/src -s include  "SHELL=CMD" "COMPILER=aarch64-none-elf-gcc" "ARCHIVER=aarch64-none-elf-ar" "COMPILER_FLAGS=  -O2 -c" "EXTRA_COMPILER_FLAGS=-g -Wall -Wextra"
"Running Make include in psu_cortexa53_0/libsrc/axipmon_v6_6/src"
make -C psu_cortexa53_0/libsrc/axipmon_v6_6/src -s include  "SHELL=CMD" "COMPILER=aarch64-none-elf-gcc" "ARCHIVER=aarch64-none-elf-ar" "COMPILER_FLAGS=  -O2 -c" "EXTRA_COMPILER_FLAGS=-g -Wall -Wextra"
"Running Make include in psu_cortexa53_0/libsrc/canps_v3_2/src"
make -C psu_cortexa53_0/libsrc/canps_v3_2/src -s include  "SHELL=CMD" "COMPILER=aarch64-none-elf-gcc" "ARCHIVER=aarch64-none-elf-ar" "COMPILER_FLAGS=  -O2 -c" "EXTRA_COMPILER_FLAGS=-g -Wall -Wextra"
"Running Make include in psu_cortexa53_0/libsrc/coresightps_dcc_v1_4/src"
make -C psu_cortexa53_0/libsrc/coresightps_dcc_v1_4/src -s include  "SHELL=CMD" "COMPILER=aarch64-none-elf-gcc" "ARCHIVER=aarch64-none-elf-ar" "COMPILER_FLAGS=  -O2 -c" "EXTRA_COMPILER_FLAGS=-g -Wall -Wextra"
"Running Make include in psu_cortexa53_0/libsrc/cpu_cortexa53_v1_5/src"
make -C psu_cortexa53_0/libsrc/cpu_cortexa53_v1_5/src -s include  "SHELL=CMD" "COMPILER=aarch64-none-elf-gcc" "ARCHIVER=aarch64-none-elf-ar" "COMPILER_FLAGS=  -O2 -c" "EXTRA_COMPILER_FLAGS=-g -Wall -Wextra"
"Running Make include in psu_cortexa53_0/libsrc/csudma_v1_2/src"
make -C psu_cortexa53_0/libsrc/csudma_v1_2/src -s include  "SHELL=CMD" "COMPILER=aarch64-none-elf-gcc" "ARCHIVER=aarch64-none-elf-ar" "COMPILER_FLAGS=  -O2 -c" "EXTRA_COMPILER_FLAGS=-g -Wall -Wextra"
"Running Make include in psu_cortexa53_0/libsrc/ddrcpsu_v1_1/src"
make -C psu_cortexa53_0/libsrc/ddrcpsu_v1_1/src -s include  "SHELL=CMD" "COMPILER=aarch64-none-elf-gcc" "ARCHIVER=aarch64-none-elf-ar" "COMPILER_FLAGS=  -O2 -c" "EXTRA_COMPILER_FLAGS=-g -Wall -Wextra"
"Running Make include in psu_cortexa53_0/libsrc/dpdma_v1_0/src"
make -C psu_cortexa53_0/libsrc/dpdma_v1_0/src -s include  "SHELL=CMD" "COMPILER=aarch64-none-elf-gcc" "ARCHIVER=aarch64-none-elf-ar" "COMPILER_FLAGS=  -O2 -c" "EXTRA_COMPILER_FLAGS=-g -Wall -Wextra"
"Running Make include in psu_cortexa53_0/libsrc/emacps_v3_7/src"
make -C psu_cortexa53_0/libsrc/emacps_v3_7/src -s include  "SHELL=CMD" "COMPILER=aarch64-none-elf-gcc" "ARCHIVER=aarch64-none-elf-ar" "COMPILER_FLAGS=  -O2 -c" "EXTRA_COMPILER_FLAGS=-g -Wall -Wextra"
"Running Make include in psu_cortexa53_0/libsrc/gpiops_v3_3/src"
make -C psu_cortexa53_0/libsrc/gpiops_v3_3/src -s include  "SHELL=CMD" "COMPILER=aarch64-none-elf-gcc" "ARCHIVER=aarch64-none-elf-ar" "COMPILER_FLAGS=  -O2 -c" "EXTRA_COMPILER_FLAGS=-g -Wall -Wextra"
"Running Make include in psu_cortexa53_0/libsrc/iicps_v3_6/src"
make -C psu_cortexa53_0/libsrc/iicps_v3_6/src -s include  "SHELL=CMD" "COMPILER=aarch64-none-elf-gcc" "ARCHIVER=aarch64-none-elf-ar" "COMPILER_FLAGS=  -O2 -c" "EXTRA_COMPILER_FLAGS=-g -Wall -Wextra"
"Running Make include in psu_cortexa53_0/libsrc/ipipsu_v2_3/src"
make -C psu_cortexa53_0/libsrc/ipipsu_v2_3/src -s include  "SHELL=CMD" "COMPILER=aarch64-none-elf-gcc" "ARCHIVER=aarch64-none-elf-ar" "COMPILER_FLAGS=  -O2 -c" "EXTRA_COMPILER_FLAGS=-g -Wall -Wextra"
"Running Make include in psu_cortexa53_0/libsrc/myip_v1_0/src"
make -C psu_cortexa53_0/libsrc/myip_v1_0/src -s include  "SHELL=CMD" "COMPILER=aarch64-none-elf-gcc" "ARCHIVER=aarch64-none-elf-ar" "COMPILER_FLAGS=  -O2 -c" "EXTRA_COMPILER_FLAGS=-g -Wall -Wextra"
"Running Make include in psu_cortexa53_0/libsrc/qspipsu_v1_7/src"
make -C psu_cortexa53_0/libsrc/qspipsu_v1_7/src -s include  "SHELL=CMD" "COMPILER=aarch64-none-elf-gcc" "ARCHIVER=aarch64-none-elf-ar" "COMPILER_FLAGS=  -O2 -c" "EXTRA_COMPILER_FLAGS=-g -Wall -Wextra"
"Running Make include in psu_cortexa53_0/libsrc/resetps_v1_0/src"
make -C psu_cortexa53_0/libsrc/resetps_v1_0/src -s include  "SHELL=CMD" "COMPILER=aarch64-none-elf-gcc" "ARCHIVER=aarch64-none-elf-ar" "COMPILER_FLAGS=  -O2 -c" "EXTRA_COMPILER_FLAGS=-g -Wall -Wextra"
"Running Make include in psu_cortexa53_0/libsrc/rtcpsu_v1_5/src"
make -C psu_cortexa53_0/libsrc/rtcpsu_v1_5/src -s include  "SHELL=CMD" "COMPILER=aarch64-none-elf-gcc" "ARCHIVER=aarch64-none-elf-ar" "COMPILER_FLAGS=  -O2 -c" "EXTRA_COMPILER_FLAGS=-g -Wall -Wextra"
"Running Make include in psu_cortexa53_0/libsrc/scugic_v3_9/src"
make -C psu_cortexa53_0/libsrc/scugic_v3_9/src -s include  "SHELL=CMD" "COMPILER=aarch64-none-elf-gcc" "ARCHIVER=aarch64-none-elf-ar" "COMPILER_FLAGS=  -O2 -c" "EXTRA_COMPILER_FLAGS=-g -Wall -Wextra"
"Running Make include in psu_cortexa53_0/libsrc/sdps_v3_4/src"
make -C psu_cortexa53_0/libsrc/sdps_v3_4/src -s include  "SHELL=CMD" "COMPILER=aarch64-none-elf-gcc" "ARCHIVER=aarch64-none-elf-ar" "COMPILER_FLAGS=  -O2 -c" "EXTRA_COMPILER_FLAGS=-g -Wall -Wextra"
"Running Make include in psu_cortexa53_0/libsrc/standalone_v6_6/src"
make -C psu_cortexa53_0/libsrc/standalone_v6_6/src -s include  "SHELL=CMD" "COMPILER=aarch64-none-elf-gcc" "ARCHIVER=aarch64-none-elf-ar" "COMPILER_FLAGS=  -O2 -c" "EXTRA_COMPILER_FLAGS=-g -Wall -Wextra"
"Running Make include in psu_cortexa53_0/libsrc/sysmonpsu_v2_3/src"
make -C psu_cortexa53_0/libsrc/sysmonpsu_v2_3/src -s include  "SHELL=CMD" "COMPILER=aarch64-none-elf-gcc" "ARCHIVER=aarch64-none-elf-ar" "COMPILER_FLAGS=  -O2 -c" "EXTRA_COMPILER_FLAGS=-g -Wall -Wextra"
"Running Make include in psu_cortexa53_0/libsrc/ttcps_v3_5/src"
make -C psu_cortexa53_0/libsrc/ttcps_v3_5/src -s include  "SHELL=CMD" "COMPILER=aarch64-none-elf-gcc" "ARCHIVER=aarch64-none-elf-ar" "COMPILER_FLAGS=  -O2 -c" "EXTRA_COMPILER_FLAGS=-g -Wall -Wextra"
"Running Make include in psu_cortexa53_0/libsrc/uartps_v3_6/src"
make -C psu_cortexa53_0/libsrc/uartps_v3_6/src -s include  "SHELL=CMD" "COMPILER=aarch64-none-elf-gcc" "ARCHIVER=aarch64-none-elf-ar" "COMPILER_FLAGS=  -O2 -c" "EXTRA_COMPILER_FLAGS=-g -Wall -Wextra"
"Running Make include in psu_cortexa53_0/libsrc/usbpsu_v1_4/src"
make -C psu_cortexa53_0/libsrc/usbpsu_v1_4/src -s include  "SHELL=CMD" "COMPILER=aarch64-none-elf-gcc" "ARCHIVER=aarch64-none-elf-ar" "COMPILER_FLAGS=  -O2 -c" "EXTRA_COMPILER_FLAGS=-g -Wall -Wextra"
"Running Make include in psu_cortexa53_0/libsrc/video_common_v4_3/src"
make -C psu_cortexa53_0/libsrc/video_common_v4_3/src -s include  "SHELL=CMD" "COMPILER=aarch64-none-elf-gcc" "ARCHIVER=aarch64-none-elf-ar" "COMPILER_FLAGS=  -O2 -c" "EXTRA_COMPILER_FLAGS=-g -Wall -Wextra"
"Running Make include in psu_cortexa53_0/libsrc/wdtps_v3_0/src"
make -C psu_cortexa53_0/libsrc/wdtps_v3_0/src -s include  "SHELL=CMD" "COMPILER=aarch64-none-elf-gcc" "ARCHIVER=aarch64-none-elf-ar" "COMPILER_FLAGS=  -O2 -c" "EXTRA_COMPILER_FLAGS=-g -Wall -Wextra"
"Running Make include in psu_cortexa53_0/libsrc/zdma_v1_5/src"
make -C psu_cortexa53_0/libsrc/zdma_v1_5/src -s include  "SHELL=CMD" "COMPILER=aarch64-none-elf-gcc" "ARCHIVER=aarch64-none-elf-ar" "COMPILER_FLAGS=  -O2 -c" "EXTRA_COMPILER_FLAGS=-g -Wall -Wextra"
"Running Make libs in psu_cortexa53_0/libsrc/avbuf_v2_1/src"
make -C psu_cortexa53_0/libsrc/avbuf_v2_1/src -s libs  "SHELL=CMD" "COMPILER=aarch64-none-elf-gcc" "ARCHIVER=aarch64-none-elf-ar" "COMPILER_FLAGS=  -O2 -c" "EXTRA_COMPILER_FLAGS=-g -Wall -Wextra"
"Compiling avbuf"
aarch64-none-elf-ar: creating ../../../lib/libxil.a
"Running Make libs in psu_cortexa53_0/libsrc/axipmon_v6_6/src"
make -C psu_cortexa53_0/libsrc/axipmon_v6_6/src -s libs  "SHELL=CMD" "COMPILER=aarch64-none-elf-gcc" "ARCHIVER=aarch64-none-elf-ar" "COMPILER_FLAGS=  -O2 -c" "EXTRA_COMPILER_FLAGS=-g -Wall -Wextra"
"Compiling axipmon"
"Running Make libs in psu_cortexa53_0/libsrc/canps_v3_2/src"
make -C psu_cortexa53_0/libsrc/canps_v3_2/src -s libs  "SHELL=CMD" "COMPILER=aarch64-none-elf-gcc" "ARCHIVER=aarch64-none-elf-ar" "COMPILER_FLAGS=  -O2 -c" "EXTRA_COMPILER_FLAGS=-g -Wall -Wextra"
"Compiling canps"
"Running Make libs in psu_cortexa53_0/libsrc/coresightps_dcc_v1_4/src"
make -C psu_cortexa53_0/libsrc/coresightps_dcc_v1_4/src -s libs  "SHELL=CMD" "COMPILER=aarch64-none-elf-gcc" "ARCHIVER=aarch64-none-elf-ar" "COMPILER_FLAGS=  -O2 -c" "EXTRA_COMPILER_FLAGS=-g -Wall -Wextra"
"Compiling coresightps_dcc"
"Running Make libs in psu_cortexa53_0/libsrc/cpu_cortexa53_v1_5/src"
make -C psu_cortexa53_0/libsrc/cpu_cortexa53_v1_5/src -s libs  "SHELL=CMD" "COMPILER=aarch64-none-elf-gcc" "ARCHIVER=aarch64-none-elf-ar" "COMPILER_FLAGS=  -O2 -c" "EXTRA_COMPILER_FLAGS=-g -Wall -Wextra"
"Compiling cpu_cortexa53"
"Running Make libs in psu_cortexa53_0/libsrc/csudma_v1_2/src"
make -C psu_cortexa53_0/libsrc/csudma_v1_2/src -s libs  "SHELL=CMD" "COMPILER=aarch64-none-elf-gcc" "ARCHIVER=aarch64-none-elf-ar" "COMPILER_FLAGS=  -O2 -c" "EXTRA_COMPILER_FLAGS=-g -Wall -Wextra"
"Compiling csudma"
"Running Make libs in psu_cortexa53_0/libsrc/ddrcpsu_v1_1/src"
make -C psu_cortexa53_0/libsrc/ddrcpsu_v1_1/src -s libs  "SHELL=CMD" "COMPILER=aarch64-none-elf-gcc" "ARCHIVER=aarch64-none-elf-ar" "COMPILER_FLAGS=  -O2 -c" "EXTRA_COMPILER_FLAGS=-g -Wall -Wextra"
"Compiling ddrcpsu"
"Running Make libs in psu_cortexa53_0/libsrc/dpdma_v1_0/src"
make -C psu_cortexa53_0/libsrc/dpdma_v1_0/src -s libs  "SHELL=CMD" "COMPILER=aarch64-none-elf-gcc" "ARCHIVER=aarch64-none-elf-ar" "COMPILER_FLAGS=  -O2 -c" "EXTRA_COMPILER_FLAGS=-g -Wall -Wextra"
"Compiling dpdma"
xdpdma.c: In function 'XDpDma_DisplayVideoFrameBuffer':
xdpdma.c:759:58: warning: this statement may fall through [-Wimplicit-fallthrough=]
    InstancePtr->Video.FrameBuffer[XDPDMA_VIDEO_CHANNEL2] =
    ~~~~~~~~~~~~~~~~~~~~~~~~~~~~~~~~~~~~~~~~~~~~~~~~~~~~~~^
     Plane2;
     ~~~~~~                                                
xdpdma.c:761:3: note: here
   case XDPDMA_VIDEO_CHANNEL1:
   ^~~~
xdpdma.c:763:58: warning: this statement may fall through [-Wimplicit-fallthrough=]
    InstancePtr->Video.FrameBuffer[XDPDMA_VIDEO_CHANNEL1] =
    ~~~~~~~~~~~~~~~~~~~~~~~~~~~~~~~~~~~~~~~~~~~~~~~~~~~~~~^
     Plane1;
     ~~~~~~                                                
xdpdma.c:765:3: note: here
   case XDPDMA_VIDEO_CHANNEL0:
   ^~~~
"Running Make libs in psu_cortexa53_0/libsrc/emacps_v3_7/src"
make -C psu_cortexa53_0/libsrc/emacps_v3_7/src -s libs  "SHELL=CMD" "COMPILER=aarch64-none-elf-gcc" "ARCHIVER=aarch64-none-elf-ar" "COMPILER_FLAGS=  -O2 -c" "EXTRA_COMPILER_FLAGS=-g -Wall -Wextra"
"Compiling emacps"
"Running Make libs in psu_cortexa53_0/libsrc/gpiops_v3_3/src"
make -C psu_cortexa53_0/libsrc/gpiops_v3_3/src -s libs  "SHELL=CMD" "COMPILER=aarch64-none-elf-gcc" "ARCHIVER=aarch64-none-elf-ar" "COMPILER_FLAGS=  -O2 -c" "EXTRA_COMPILER_FLAGS=-g -Wall -Wextra"
"Compiling gpiops"
"Running Make libs in psu_cortexa53_0/libsrc/iicps_v3_6/src"
make -C psu_cortexa53_0/libsrc/iicps_v3_6/src -s libs  "SHELL=CMD" "COMPILER=aarch64-none-elf-gcc" "ARCHIVER=aarch64-none-elf-ar" "COMPILER_FLAGS=  -O2 -c" "EXTRA_COMPILER_FLAGS=-g -Wall -Wextra"
"Compiling iicps"
"Running Make libs in psu_cortexa53_0/libsrc/ipipsu_v2_3/src"
make -C psu_cortexa53_0/libsrc/ipipsu_v2_3/src -s libs  "SHELL=CMD" "COMPILER=aarch64-none-elf-gcc" "ARCHIVER=aarch64-none-elf-ar" "COMPILER_FLAGS=  -O2 -c" "EXTRA_COMPILER_FLAGS=-g -Wall -Wextra"
"Compiling ipipsu"
"Running Make libs in psu_cortexa53_0/libsrc/myip_v1_0/src"
make -C psu_cortexa53_0/libsrc/myip_v1_0/src -s libs  "SHELL=CMD" "COMPILER=aarch64-none-elf-gcc" "ARCHIVER=aarch64-none-elf-ar" "COMPILER_FLAGS=  -O2 -c" "EXTRA_COMPILER_FLAGS=-g -Wall -Wextra"
"Compiling myip..."
myip_selftest.c: In function 'MYIP_Reg_SelfTest':
myip_selftest.c:38:13: warning: cast from pointer to integer of different size [-Wpointer-to-int-cast]
  baseaddr = (u32) baseaddr_p;
             ^
myip_selftest.c:52:53: warning: comparison between signed and unsigned integer expressions [-Wsign-compare]
    if ( MYIP_mReadReg (baseaddr, read_loop_index*4) != (read_loop_index+1)*READ_WRITE_MUL_FACTOR){
                                                     ^~
myip_selftest.c:36:6: warning: unused variable 'Index' [-Wunused-variable]
  int Index;
      ^~~~~
"Running Make libs in psu_cortexa53_0/libsrc/qspipsu_v1_7/src"
make -C psu_cortexa53_0/libsrc/qspipsu_v1_7/src -s libs  "SHELL=CMD" "COMPILER=aarch64-none-elf-gcc" "ARCHIVER=aarch64-none-elf-ar" "COMPILER_FLAGS=  -O2 -c" "EXTRA_COMPILER_FLAGS=-g -Wall -Wextra"
"Compiling qspipsu"
"Running Make libs in psu_cortexa53_0/libsrc/resetps_v1_0/src"
make -C psu_cortexa53_0/libsrc/resetps_v1_0/src -s libs  "SHELL=CMD" "COMPILER=aarch64-none-elf-gcc" "ARCHIVER=aarch64-none-elf-ar" "COMPILER_FLAGS=  -O2 -c" "EXTRA_COMPILER_FLAGS=-g -Wall -Wextra"
"Compiling resetps"
xresetps.c:72:1: warning: 'static' is not at beginning of declaration [-Wold-style-declaration]
 const static XResetPs_Lookup ResetMap[] = {
 ^~~~~
"Running Make libs in psu_cortexa53_0/libsrc/rtcpsu_v1_5/src"
make -C psu_cortexa53_0/libsrc/rtcpsu_v1_5/src -s libs  "SHELL=CMD" "COMPILER=aarch64-none-elf-gcc" "ARCHIVER=aarch64-none-elf-ar" "COMPILER_FLAGS=  -O2 -c" "EXTRA_COMPILER_FLAGS=-g -Wall -Wextra"
"Compiling rtcpsu"
"Running Make libs in psu_cortexa53_0/libsrc/scugic_v3_9/src"
make -C psu_cortexa53_0/libsrc/scugic_v3_9/src -s libs  "SHELL=CMD" "COMPILER=aarch64-none-elf-gcc" "ARCHIVER=aarch64-none-elf-ar" "COMPILER_FLAGS=  -O2 -c" "EXTRA_COMPILER_FLAGS=-g -Wall -Wextra"
"Compiling scugic"
"Running Make libs in psu_cortexa53_0/libsrc/sdps_v3_4/src"
make -C psu_cortexa53_0/libsrc/sdps_v3_4/src -s libs  "SHELL=CMD" "COMPILER=aarch64-none-elf-gcc" "ARCHIVER=aarch64-none-elf-ar" "COMPILER_FLAGS=  -O2 -c" "EXTRA_COMPILER_FLAGS=-g -Wall -Wextra"
"Compiling sdps"
xsdps.c: In function 'XSdPs_FrameCmd':
xsdps.c:1272:11: warning: this statement may fall through [-Wimplicit-fallthrough=]
    RetVal |= RESP_R1 | (u32)XSDPS_DAT_PRESENT_SEL_MASK;
xsdps.c:1273:3: note: here
   case ACMD41:
   ^~~~
"Running Make libs in psu_cortexa53_0/libsrc/standalone_v6_6/src"
make -C psu_cortexa53_0/libsrc/standalone_v6_6/src -s libs  "SHELL=CMD" "COMPILER=aarch64-none-elf-gcc" "ARCHIVER=aarch64-none-elf-ar" "COMPILER_FLAGS=  -O2 -c" "EXTRA_COMPILER_FLAGS=-g -Wall -Wextra"
"Compiling standalone A53"
In file included from sleep.c:63:0:
xtime_l.h:81:9: note: #pragma message: For the sleep routines, Global timer is being used
 #pragma message ("For the sleep routines, Global timer is being used")
         ^~~~~~~
In file included from xil_sleeptimer.c:54:0:
xtime_l.h:81:9: note: #pragma message: For the sleep routines, Global timer is being used
 #pragma message ("For the sleep routines, Global timer is being used")
         ^~~~~~~
In file included from xtime_l.c:56:0:
xtime_l.h:81:9: note: #pragma message: For the sleep routines, Global timer is being used
 #pragma message ("For the sleep routines, Global timer is being used")
         ^~~~~~~
"Running Make libs in psu_cortexa53_0/libsrc/sysmonpsu_v2_3/src"
make -C psu_cortexa53_0/libsrc/sysmonpsu_v2_3/src -s libs  "SHELL=CMD" "COMPILER=aarch64-none-elf-gcc" "ARCHIVER=aarch64-none-elf-ar" "COMPILER_FLAGS=  -O2 -c" "EXTRA_COMPILER_FLAGS=-g -Wall -Wextra"
"Compiling sysmonpsu"
"Running Make libs in psu_cortexa53_0/libsrc/ttcps_v3_5/src"
make -C psu_cortexa53_0/libsrc/ttcps_v3_5/src -s libs  "SHELL=CMD" "COMPILER=aarch64-none-elf-gcc" "ARCHIVER=aarch64-none-elf-ar" "COMPILER_FLAGS=  -O2 -c" "EXTRA_COMPILER_FLAGS=-g -Wall -Wextra"
"Compiling ttcps"
"Running Make libs in psu_cortexa53_0/libsrc/uartps_v3_6/src"
make -C psu_cortexa53_0/libsrc/uartps_v3_6/src -s libs  "SHELL=CMD" "COMPILER=aarch64-none-elf-gcc" "ARCHIVER=aarch64-none-elf-ar" "COMPILER_FLAGS=  -O2 -c" "EXTRA_COMPILER_FLAGS=-g -Wall -Wextra"
"Compiling uartps"
"Running Make libs in psu_cortexa53_0/libsrc/usbpsu_v1_4/src"
make -C psu_cortexa53_0/libsrc/usbpsu_v1_4/src -s libs  "SHELL=CMD" "COMPILER=aarch64-none-elf-gcc" "ARCHIVER=aarch64-none-elf-ar" "COMPILER_FLAGS=  -O2 -c" "EXTRA_COMPILER_FLAGS=-g -Wall -Wextra"
"Compiling usbpsu"
In file included from xusbpsu.h:85:0,
                 from xusbpsu_hibernation.c:54:
xusbpsu_hibernation.c: In function 'XUsbPsu_WakeupIntr':
xusbpsu_hw.h:376:2: warning: this statement may fall through [-Wimplicit-fallthrough=]
  Xil_Out32((InstancePtr)->ConfigPtr->BaseAddress + (u32)(Offset), (u32)(Data))
  ^~~~~~~~~~~~~~~~~~~~~~~~~~~~~~~~~~~~~~~~~~~~~~~~~~~~~~~~~~~~~~~~~~~~~~~~~~~~~
xusbpsu_hibernation.c:659:3: note: in expansion of macro 'XUsbPsu_WriteReg'
   XUsbPsu_WriteReg(InstancePtr, XUSBPSU_DCTL, RegVal);
   ^~~~~~~~~~~~~~~~
xusbpsu_hibernation.c:662:2: note: here
  case XUSBPSU_LINK_STATE_U3:
  ^~~~
"Running Make libs in psu_cortexa53_0/libsrc/video_common_v4_3/src"
make -C psu_cortexa53_0/libsrc/video_common_v4_3/src -s libs  "SHELL=CMD" "COMPILER=aarch64-none-elf-gcc" "ARCHIVER=aarch64-none-elf-ar" "COMPILER_FLAGS=  -O2 -c" "EXTRA_COMPILER_FLAGS=-g -Wall -Wextra"
"Compiling video_common"
"Running Make libs in psu_cortexa53_0/libsrc/wdtps_v3_0/src"
make -C psu_cortexa53_0/libsrc/wdtps_v3_0/src -s libs  "SHELL=CMD" "COMPILER=aarch64-none-elf-gcc" "ARCHIVER=aarch64-none-elf-ar" "COMPILER_FLAGS=  -O2 -c" "EXTRA_COMPILER_FLAGS=-g -Wall -Wextra"
"Compiling wdtps"
"Running Make libs in psu_cortexa53_0/libsrc/zdma_v1_5/src"
make -C psu_cortexa53_0/libsrc/zdma_v1_5/src -s libs  "SHELL=CMD" "COMPILER=aarch64-none-elf-gcc" "ARCHIVER=aarch64-none-elf-ar" "COMPILER_FLAGS=  -O2 -c" "EXTRA_COMPILER_FLAGS=-g -Wall -Wextra"
"Compiling zdma"
'Finished building libraries'
08:29:57 **** Build of configuration Debug for project ZCU106_CustomIP_APP ****
make all 
'Building file: ../src/helloworld.c'
'Invoking: ARM v8 gcc compiler'
aarch64-none-elf-gcc -Wall -O0 -g3 -c -fmessage-length=0 -MT"src/helloworld.o" -I../../ZCU106_CustomIP_APP_bsp/psu_cortexa53_0/include -MMD -MP -MF"src/helloworld.d" -MT"src/helloworld.o" -o "src/helloworld.o" "../src/helloworld.c"
'Finished building: ../src/helloworld.c'
' '
'Building file: ../src/platform.c'
'Invoking: ARM v8 gcc compiler'
aarch64-none-elf-gcc -Wall -O0 -g3 -c -fmessage-length=0 -MT"src/platform.o" -I../../ZCU106_CustomIP_APP_bsp/psu_cortexa53_0/include -MMD -MP -MF"src/platform.d" -MT"src/platform.o" -o "src/platform.o" "../src/platform.c"
'Finished building: ../src/platform.c'
' '
'Building target: ZCU106_CustomIP_APP.elf'
'Invoking: ARM v8 gcc linker'
aarch64-none-elf-gcc -Wl,-T -Wl,../src/lscript.ld -L../../ZCU106_CustomIP_APP_bsp/psu_cortexa53_0/lib -o "ZCU106_CustomIP_APP.elf"  ./src/helloworld.o ./src/platform.o   -Wl,--start-group,-lxil,-lgcc,-lc,--end-group
'Finished building target: ZCU106_CustomIP_APP.elf'
' '
'Invoking: ARM v8 Print Size'
aarch64-none-elf-size ZCU106_CustomIP_APP.elf  |tee "ZCU106_CustomIP_APP.elf.size"
   text	   data	    bss	    dec	    hex	filename
  30436	   2344	  20648	  53428	   d0b4	ZCU106_CustomIP_APP.elf
'Finished building: ZCU106_CustomIP_APP.elf.size'
' '
08:31:09 **** Auto Build of configuration Debug for project ZCU106_CustomIP_APP ****
make all 
'Building file: ../src/helloworld.c'
'Invoking: ARM v8 gcc compiler'
aarch64-none-elf-gcc -Wall -O0 -g3 -c -fmessage-length=0 -MT"src/helloworld.o" -I../../ZCU106_CustomIP_APP_bsp/psu_cortexa53_0/include -MMD -MP -MF"src/helloworld.d" -MT"src/helloworld.o" -o "src/helloworld.o" "../src/helloworld.c"
'Finished building: ../src/helloworld.c'
' '
'Building target: ZCU106_CustomIP_APP.elf'
'Invoking: ARM v8 gcc linker'
aarch64-none-elf-gcc -Wl,-T -Wl,../src/lscript.ld -L../../ZCU106_CustomIP_APP_bsp/psu_cortexa53_0/lib -o "ZCU106_CustomIP_APP.elf"  ./src/helloworld.o ./src/platform.o   -Wl,--start-group,-lxil,-lgcc,-lc,--end-group
'Finished building target: ZCU106_CustomIP_APP.elf'
' '
'Invoking: ARM v8 Print Size'
aarch64-none-elf-size ZCU106_CustomIP_APP.elf  |tee "ZCU106_CustomIP_APP.elf.size"
   text	   data	    bss	    dec	    hex	filename
  72568	   4600	  20768	  97936	  17e90	ZCU106_CustomIP_APP.elf
'Finished building: ZCU106_CustomIP_APP.elf.size'
' '
08:31:19 **** Incremental Build of configuration Debug for project ZCU106_CustomIP_APP ****
make all 
make: Nothing to be done for `all'.
08:31:34 **** Auto Build of configuration Debug for project ZCU106_CustomIP_APP ****
make all 
'Building file: ../src/helloworld.c'
'Invoking: ARM v8 gcc compiler'
aarch64-none-elf-gcc -Wall -O0 -g3 -c -fmessage-length=0 -MT"src/helloworld.o" -I../../ZCU106_CustomIP_APP_bsp/psu_cortexa53_0/include -MMD -MP -MF"src/helloworld.d" -MT"src/helloworld.o" -o "src/helloworld.o" "../src/helloworld.c"
'Finished building: ../src/helloworld.c'
' '
'Building target: ZCU106_CustomIP_APP.elf'
'Invoking: ARM v8 gcc linker'
aarch64-none-elf-gcc -Wl,-T -Wl,../src/lscript.ld -L../../ZCU106_CustomIP_APP_bsp/psu_cortexa53_0/lib -o "ZCU106_CustomIP_APP.elf"  ./src/helloworld.o ./src/platform.o   -Wl,--start-group,-lxil,-lgcc,-lc,--end-group
'Finished building target: ZCU106_CustomIP_APP.elf'
' '
'Invoking: ARM v8 Print Size'
aarch64-none-elf-size ZCU106_CustomIP_APP.elf  |tee "ZCU106_CustomIP_APP.elf.size"
   text	   data	    bss	    dec	    hex	filename
  72568	   4600	  20768	  97936	  17e90	ZCU106_CustomIP_APP.elf
'Finished building: ZCU106_CustomIP_APP.elf.size'
' '
08:31:38 **** Incremental Build of configuration Debug for project ZCU106_CustomIP_APP ****
make all 
make: Nothing to be done for `all'.
08:32:01 **** Auto Build of configuration Debug for project ZCU106_CustomIP_APP ****
make all 
'Building file: ../src/helloworld.c'
'Invoking: ARM v8 gcc compiler'
aarch64-none-elf-gcc -Wall -O0 -g3 -c -fmessage-length=0 -MT"src/helloworld.o" -I../../ZCU106_CustomIP_APP_bsp/psu_cortexa53_0/include -MMD -MP -MF"src/helloworld.d" -MT"src/helloworld.o" -o "src/helloworld.o" "../src/helloworld.c"
'Finished building: ../src/helloworld.c'
' '
'Building target: ZCU106_CustomIP_APP.elf'
'Invoking: ARM v8 gcc linker'
aarch64-none-elf-gcc -Wl,-T -Wl,../src/lscript.ld -L../../ZCU106_CustomIP_APP_bsp/psu_cortexa53_0/lib -o "ZCU106_CustomIP_APP.elf"  ./src/helloworld.o ./src/platform.o   -Wl,--start-group,-lxil,-lgcc,-lc,--end-group
'Finished building target: ZCU106_CustomIP_APP.elf'
' '
'Invoking: ARM v8 Print Size'
aarch64-none-elf-size ZCU106_CustomIP_APP.elf  |tee "ZCU106_CustomIP_APP.elf.size"
   text	   data	    bss	    dec	    hex	filename
  72568	   4600	  20768	  97936	  17e90	ZCU106_CustomIP_APP.elf
'Finished building: ZCU106_CustomIP_APP.elf.size'
' '
08:32:05 **** Incremental Build of configuration Debug for project ZCU106_CustomIP_APP ****
make all 
make: Nothing to be done for `all'.
08:32:23 **** Auto Build of configuration Debug for project ZCU106_CustomIP_APP ****
make all 
'Building file: ../src/helloworld.c'
'Invoking: ARM v8 gcc compiler'
aarch64-none-elf-gcc -Wall -O0 -g3 -c -fmessage-length=0 -MT"src/helloworld.o" -I../../ZCU106_CustomIP_APP_bsp/psu_cortexa53_0/include -MMD -MP -MF"src/helloworld.d" -MT"src/helloworld.o" -o "src/helloworld.o" "../src/helloworld.c"
'Finished building: ../src/helloworld.c'
' '
'Building target: ZCU106_CustomIP_APP.elf'
'Invoking: ARM v8 gcc linker'
aarch64-none-elf-gcc -Wl,-T -Wl,../src/lscript.ld -L../../ZCU106_CustomIP_APP_bsp/psu_cortexa53_0/lib -o "ZCU106_CustomIP_APP.elf"  ./src/helloworld.o ./src/platform.o   -Wl,--start-group,-lxil,-lgcc,-lc,--end-group
'Finished building target: ZCU106_CustomIP_APP.elf'
' '
'Invoking: ARM v8 Print Size'
aarch64-none-elf-size ZCU106_CustomIP_APP.elf  |tee "ZCU106_CustomIP_APP.elf.size"
   text	   data	    bss	    dec	    hex	filename
  72568	   4600	  20768	  97936	  17e90	ZCU106_CustomIP_APP.elf
'Finished building: ZCU106_CustomIP_APP.elf.size'
' '
08:32:26 **** Incremental Build of configuration Debug for project ZCU106_CustomIP_APP ****
make all 
make: Nothing to be done for `all'.
08:34:23 **** Auto Build of configuration Debug for project ZCU106_CustomIP_APP ****
make all 
'Building file: ../src/helloworld.c'
'Invoking: ARM v8 gcc compiler'
aarch64-none-elf-gcc -Wall -O0 -g3 -c -fmessage-length=0 -MT"src/helloworld.o" -I../../ZCU106_CustomIP_APP_bsp/psu_cortexa53_0/include -MMD -MP -MF"src/helloworld.d" -MT"src/helloworld.o" -o "src/helloworld.o" "../src/helloworld.c"
'Finished building: ../src/helloworld.c'
' '
'Building target: ZCU106_CustomIP_APP.elf'
'Invoking: ARM v8 gcc linker'
aarch64-none-elf-gcc -Wl,-T -Wl,../src/lscript.ld -L../../ZCU106_CustomIP_APP_bsp/psu_cortexa53_0/lib -o "ZCU106_CustomIP_APP.elf"  ./src/helloworld.o ./src/platform.o   -Wl,--start-group,-lxil,-lgcc,-lc,--end-group
'Finished building target: ZCU106_CustomIP_APP.elf'
' '
'Invoking: ARM v8 Print Size'
aarch64-none-elf-size ZCU106_CustomIP_APP.elf  |tee "ZCU106_CustomIP_APP.elf.size"
   text	   data	    bss	    dec	    hex	filename
  72568	   4600	  20768	  97936	  17e90	ZCU106_CustomIP_APP.elf
'Finished building: ZCU106_CustomIP_APP.elf.size'
' '
08:34:26 **** Incremental Build of configuration Debug for project ZCU106_CustomIP_APP ****
make all 
make: Nothing to be done for `all'.
08:36:02 **** Build of configuration Debug for project ZCU106_CustomIP_Linux_APP ****
make all 
'Building file: ../src/helloworld.c'
'Invoking: ARM v8 Linux gcc compiler'
aarch64-linux-gnu-gcc -Wall -O0 -g3 -c -fmessage-length=0 -MT"src/helloworld.o" -MMD -MP -MF"src/helloworld.d" -MT"src/helloworld.o" -o "src/helloworld.o" "../src/helloworld.c"
'Finished building: ../src/helloworld.c'
' '
'Building target: ZCU106_CustomIP_Linux_APP.elf'
'Invoking: ARM v8 Linux gcc linker'
aarch64-linux-gnu-gcc  -o "ZCU106_CustomIP_Linux_APP.elf"  ./src/helloworld.o   
'Finished building target: ZCU106_CustomIP_Linux_APP.elf'
' '
'Invoking: ARM v8 Linux Print Size'
aarch64-linux-gnu-size ZCU106_CustomIP_Linux_APP.elf  |tee "ZCU106_CustomIP_Linux_APP.elf.size"
   text	   data	    bss	    dec	    hex	filename
   1055	    568	      8	   1631	    65f	ZCU106_CustomIP_Linux_APP.elf
'Finished building: ZCU106_CustomIP_Linux_APP.elf.size'
' '
08:36:31 **** Incremental Build of configuration Debug for project ZCU106_CustomIP_Linux_APP ****
make all 
make: Nothing to be done for `all'.
10:51:27 **** Incremental Build of configuration Debug for project ZCU106_CustomIP_Linux_APP ****
make all 
make: Nothing to be done for `all'.
10:51:47 **** Auto Build of configuration Debug for project ZCU106_CustomIP_Linux_APP ****
make all 
'Building file: ../src/helloworld.c'
'Invoking: ARM v8 Linux gcc compiler'
aarch64-linux-gnu-gcc -Wall -O0 -g3 -c -fmessage-length=0 -MT"src/helloworld.o" -MMD -MP -MF"src/helloworld.d" -MT"src/helloworld.o" -o "src/helloworld.o" "../src/helloworld.c"
'Finished building: ../src/helloworld.c'
' '
'Building target: ZCU106_CustomIP_Linux_APP.elf'
'Invoking: ARM v8 Linux gcc linker'
aarch64-linux-gnu-gcc  -o "ZCU106_CustomIP_Linux_APP.elf"  ./src/helloworld.o   
'Finished building target: ZCU106_CustomIP_Linux_APP.elf'
' '
'Invoking: ARM v8 Linux Print Size'
aarch64-linux-gnu-size ZCU106_CustomIP_Linux_APP.elf  |tee "ZCU106_CustomIP_Linux_APP.elf.size"
   text	   data	    bss	    dec	    hex	filename
   1055	    568	      8	   1631	    65f	ZCU106_CustomIP_Linux_APP.elf
'Finished building: ZCU106_CustomIP_Linux_APP.elf.size'
' '
10:52:35 **** Auto Build of configuration Debug for project ZCU106_CustomIP_Linux_APP ****
make all 
'Building file: ../src/helloworld.c'
'Invoking: ARM v8 Linux gcc compiler'
aarch64-linux-gnu-gcc -Wall -O0 -g3 -c -fmessage-length=0 -MT"src/helloworld.o" -MMD -MP -MF"src/helloworld.d" -MT"src/helloworld.o" -o "src/helloworld.o" "../src/helloworld.c"
../src/helloworld.c: In function 'main':
../src/helloworld.c:23:7: warning: unused variable 'addr' [-Wunused-variable]
  int* addr = NULL;
       ^~~~
'Finished building: ../src/helloworld.c'
' '
'Building target: ZCU106_CustomIP_Linux_APP.elf'
'Invoking: ARM v8 Linux gcc linker'
aarch64-linux-gnu-gcc  -o "ZCU106_CustomIP_Linux_APP.elf"  ./src/helloworld.o   
'Finished building target: ZCU106_CustomIP_Linux_APP.elf'
' '
'Invoking: ARM v8 Linux Print Size'
aarch64-linux-gnu-size ZCU106_CustomIP_Linux_APP.elf  |tee "ZCU106_CustomIP_Linux_APP.elf.size"
   text	   data	    bss	    dec	    hex	filename
   1055	    568	      8	   1631	    65f	ZCU106_CustomIP_Linux_APP.elf
'Finished building: ZCU106_CustomIP_Linux_APP.elf.size'
' '
10:52:52 **** Auto Build of configuration Debug for project ZCU106_CustomIP_Linux_APP ****
make all 
'Building file: ../src/helloworld.c'
'Invoking: ARM v8 Linux gcc compiler'
aarch64-linux-gnu-gcc -Wall -O0 -g3 -c -fmessage-length=0 -MT"src/helloworld.o" -MMD -MP -MF"src/helloworld.d" -MT"src/helloworld.o" -o "src/helloworld.o" "../src/helloworld.c"
../src/helloworld.c: In function 'main':
../src/helloworld.c:25:7: warning: assignment makes pointer from integer without a cast [-Wint-conversion]
  addr = 0xa000000;
       ^
'Finished building: ../src/helloworld.c'
' '
'Building target: ZCU106_CustomIP_Linux_APP.elf'
'Invoking: ARM v8 Linux gcc linker'
aarch64-linux-gnu-gcc  -o "ZCU106_CustomIP_Linux_APP.elf"  ./src/helloworld.o   
'Finished building target: ZCU106_CustomIP_Linux_APP.elf'
' '
'Invoking: ARM v8 Linux Print Size'
aarch64-linux-gnu-size ZCU106_CustomIP_Linux_APP.elf  |tee "ZCU106_CustomIP_Linux_APP.elf.size"
   text	   data	    bss	    dec	    hex	filename
   1079	    568	      8	   1655	    677	ZCU106_CustomIP_Linux_APP.elf
'Finished building: ZCU106_CustomIP_Linux_APP.elf.size'
' '
10:53:13 **** Auto Build of configuration Debug for project ZCU106_CustomIP_Linux_APP ****
make all 
'Building file: ../src/helloworld.c'
'Invoking: ARM v8 Linux gcc compiler'
aarch64-linux-gnu-gcc -Wall -O0 -g3 -c -fmessage-length=0 -MT"src/helloworld.o" -MMD -MP -MF"src/helloworld.d" -MT"src/helloworld.o" -o "src/helloworld.o" "../src/helloworld.c"
'Finished building: ../src/helloworld.c'
' '
'Building target: ZCU106_CustomIP_Linux_APP.elf'
'Invoking: ARM v8 Linux gcc linker'
aarch64-linux-gnu-gcc  -o "ZCU106_CustomIP_Linux_APP.elf"  ./src/helloworld.o   
'Finished building target: ZCU106_CustomIP_Linux_APP.elf'
' '
'Invoking: ARM v8 Linux Print Size'
aarch64-linux-gnu-size ZCU106_CustomIP_Linux_APP.elf  |tee "ZCU106_CustomIP_Linux_APP.elf.size"
   text	   data	    bss	    dec	    hex	filename
   1079	    568	      8	   1655	    677	ZCU106_CustomIP_Linux_APP.elf
'Finished building: ZCU106_CustomIP_Linux_APP.elf.size'
' '
10:53:19 **** Incremental Build of configuration Debug for project ZCU106_CustomIP_Linux_APP ****
make all 
make: Nothing to be done for `all'.
10:53:32 **** Auto Build of configuration Debug for project ZCU106_CustomIP_Linux_APP ****
make all 
'Building file: ../src/helloworld.c'
'Invoking: ARM v8 Linux gcc compiler'
aarch64-linux-gnu-gcc -Wall -O0 -g3 -c -fmessage-length=0 -MT"src/helloworld.o" -MMD -MP -MF"src/helloworld.d" -MT"src/helloworld.o" -o "src/helloworld.o" "../src/helloworld.c"
'Finished building: ../src/helloworld.c'
' '
'Building target: ZCU106_CustomIP_Linux_APP.elf'
'Invoking: ARM v8 Linux gcc linker'
aarch64-linux-gnu-gcc  -o "ZCU106_CustomIP_Linux_APP.elf"  ./src/helloworld.o   
'Finished building target: ZCU106_CustomIP_Linux_APP.elf'
' '
'Invoking: ARM v8 Linux Print Size'
aarch64-linux-gnu-size ZCU106_CustomIP_Linux_APP.elf  |tee "ZCU106_CustomIP_Linux_APP.elf.size"
   text	   data	    bss	    dec	    hex	filename
   1097	    568	      8	   1673	    689	ZCU106_CustomIP_Linux_APP.elf
'Finished building: ZCU106_CustomIP_Linux_APP.elf.size'
' '
10:53:35 **** Auto Build of configuration Debug for project ZCU106_CustomIP_Linux_APP ****
make all 
'Building file: ../src/helloworld.c'
'Invoking: ARM v8 Linux gcc compiler'
aarch64-linux-gnu-gcc -Wall -O0 -g3 -c -fmessage-length=0 -MT"src/helloworld.o" -MMD -MP -MF"src/helloworld.d" -MT"src/helloworld.o" -o "src/helloworld.o" "../src/helloworld.c"
'Finished building: ../src/helloworld.c'
' '
'Building target: ZCU106_CustomIP_Linux_APP.elf'
'Invoking: ARM v8 Linux gcc linker'
aarch64-linux-gnu-gcc  -o "ZCU106_CustomIP_Linux_APP.elf"  ./src/helloworld.o   
'Finished building target: ZCU106_CustomIP_Linux_APP.elf'
' '
'Invoking: ARM v8 Linux Print Size'
aarch64-linux-gnu-size ZCU106_CustomIP_Linux_APP.elf  |tee "ZCU106_CustomIP_Linux_APP.elf.size"
   text	   data	    bss	    dec	    hex	filename
   1097	    568	      8	   1673	    689	ZCU106_CustomIP_Linux_APP.elf
'Finished building: ZCU106_CustomIP_Linux_APP.elf.size'
' '
10:53:39 **** Incremental Build of configuration Debug for project ZCU106_CustomIP_Linux_APP ****
make all 
make: Nothing to be done for `all'.
10:55:07 **** Auto Build of configuration Debug for project ZCU106_CustomIP_Linux_APP ****
make all 
'Building file: ../src/helloworld.c'
'Invoking: ARM v8 Linux gcc compiler'
aarch64-linux-gnu-gcc -Wall -O0 -g3 -c -fmessage-length=0 -MT"src/helloworld.o" -MMD -MP -MF"src/helloworld.d" -MT"src/helloworld.o" -o "src/helloworld.o" "../src/helloworld.c"
'Finished building: ../src/helloworld.c'
' '
'Building target: ZCU106_CustomIP_Linux_APP.elf'
'Invoking: ARM v8 Linux gcc linker'
aarch64-linux-gnu-gcc  -o "ZCU106_CustomIP_Linux_APP.elf"  ./src/helloworld.o   
'Finished building target: ZCU106_CustomIP_Linux_APP.elf'
' '
'Invoking: ARM v8 Linux Print Size'
aarch64-linux-gnu-size ZCU106_CustomIP_Linux_APP.elf  |tee "ZCU106_CustomIP_Linux_APP.elf.size"
   text	   data	    bss	    dec	    hex	filename
   1097	    568	      8	   1673	    689	ZCU106_CustomIP_Linux_APP.elf
'Finished building: ZCU106_CustomIP_Linux_APP.elf.size'
' '
10:55:24 **** Auto Build of configuration Debug for project ZCU106_CustomIP_Linux_APP ****
make all 
'Building file: ../src/helloworld.c'
'Invoking: ARM v8 Linux gcc compiler'
aarch64-linux-gnu-gcc -Wall -O0 -g3 -c -fmessage-length=0 -MT"src/helloworld.o" -MMD -MP -MF"src/helloworld.d" -MT"src/helloworld.o" -o "src/helloworld.o" "../src/helloworld.c"
../src/helloworld.c: In function 'main':
../src/helloworld.c:25:15: error: invalid suffix "xA0000000" on integer constant
  addr = (int*)00xA0000000;
               ^~~~~~~~~~~
make: *** [src/helloworld.o] ´íÎó 1
10:55:29 **** Auto Build of configuration Debug for project ZCU106_CustomIP_Linux_APP ****
make all 
'Building file: ../src/helloworld.c'
'Invoking: ARM v8 Linux gcc compiler'
aarch64-linux-gnu-gcc -Wall -O0 -g3 -c -fmessage-length=0 -MT"src/helloworld.o" -MMD -MP -MF"src/helloworld.d" -MT"src/helloworld.o" -o "src/helloworld.o" "../src/helloworld.c"
'Finished building: ../src/helloworld.c'
' '
'Building target: ZCU106_CustomIP_Linux_APP.elf'
'Invoking: ARM v8 Linux gcc linker'
aarch64-linux-gnu-gcc  -o "ZCU106_CustomIP_Linux_APP.elf"  ./src/helloworld.o   
'Finished building target: ZCU106_CustomIP_Linux_APP.elf'
' '
'Invoking: ARM v8 Linux Print Size'
aarch64-linux-gnu-size ZCU106_CustomIP_Linux_APP.elf  |tee "ZCU106_CustomIP_Linux_APP.elf.size"
   text	   data	    bss	    dec	    hex	filename
   1097	    568	      8	   1673	    689	ZCU106_CustomIP_Linux_APP.elf
'Finished building: ZCU106_CustomIP_Linux_APP.elf.size'
' '
10:55:33 **** Incremental Build of configuration Debug for project ZCU106_CustomIP_Linux_APP ****
make all 
make: Nothing to be done for `all'.
10:55:41 **** Auto Build of configuration Debug for project ZCU106_CustomIP_Linux_APP ****
make all 
'Building file: ../src/helloworld.c'
'Invoking: ARM v8 Linux gcc compiler'
aarch64-linux-gnu-gcc -Wall -O0 -g3 -c -fmessage-length=0 -MT"src/helloworld.o" -MMD -MP -MF"src/helloworld.d" -MT"src/helloworld.o" -o "src/helloworld.o" "../src/helloworld.c"
'Finished building: ../src/helloworld.c'
' '
'Building target: ZCU106_CustomIP_Linux_APP.elf'
'Invoking: ARM v8 Linux gcc linker'
aarch64-linux-gnu-gcc  -o "ZCU106_CustomIP_Linux_APP.elf"  ./src/helloworld.o   
'Finished building target: ZCU106_CustomIP_Linux_APP.elf'
' '
'Invoking: ARM v8 Linux Print Size'
aarch64-linux-gnu-size ZCU106_CustomIP_Linux_APP.elf  |tee "ZCU106_CustomIP_Linux_APP.elf.size"
   text	   data	    bss	    dec	    hex	filename
   1097	    568	      8	   1673	    689	ZCU106_CustomIP_Linux_APP.elf
'Finished building: ZCU106_CustomIP_Linux_APP.elf.size'
' '
10:55:45 **** Incremental Build of configuration Debug for project ZCU106_CustomIP_Linux_APP ****
make all 
make: Nothing to be done for `all'.
08:15:09 **** Auto Build of configuration Debug for project ZCU106_CustomIP_Linux_APP ****
make all 
'Building file: ../src/helloworld.c'
'Invoking: ARM v8 Linux gcc compiler'
aarch64-linux-gnu-gcc -Wall -O0 -g3 -c -fmessage-length=0 -MT"src/helloworld.o" -MMD -MP -MF"src/helloworld.d" -MT"src/helloworld.o" -o "src/helloworld.o" "../src/helloworld.c"
'Finished building: ../src/helloworld.c'
' '
'Building target: ZCU106_CustomIP_Linux_APP.elf'
'Invoking: ARM v8 Linux gcc linker'
aarch64-linux-gnu-gcc  -o "ZCU106_CustomIP_Linux_APP.elf"  ./src/helloworld.o   
'Finished building target: ZCU106_CustomIP_Linux_APP.elf'
' '
'Invoking: ARM v8 Linux Print Size'
aarch64-linux-gnu-size ZCU106_CustomIP_Linux_APP.elf  |tee "ZCU106_CustomIP_Linux_APP.elf.size"
   text	   data	    bss	    dec	    hex	filename
   1097	    568	      8	   1673	    689	ZCU106_CustomIP_Linux_APP.elf
'Finished building: ZCU106_CustomIP_Linux_APP.elf.size'
' '
08:16:21 **** Incremental Build of configuration Debug for project ZCU106_CustomIP_Linux_APP ****
make all 
make: Nothing to be done for `all'.
08:18:46 **** Auto Build of configuration Debug for project ZCU106_CustomIP_Linux_APP ****
make all 
'Building file: ../src/helloworld.c'
'Invoking: ARM v8 Linux gcc compiler'
aarch64-linux-gnu-gcc -Wall -O0 -g3 -c -fmessage-length=0 -MT"src/helloworld.o" -MMD -MP -MF"src/helloworld.d" -MT"src/helloworld.o" -o "src/helloworld.o" "../src/helloworld.c"
'Finished building: ../src/helloworld.c'
' '
'Building target: ZCU106_CustomIP_Linux_APP.elf'
'Invoking: ARM v8 Linux gcc linker'
aarch64-linux-gnu-gcc  -o "ZCU106_CustomIP_Linux_APP.elf"  ./src/helloworld.o   
'Finished building target: ZCU106_CustomIP_Linux_APP.elf'
' '
'Invoking: ARM v8 Linux Print Size'
aarch64-linux-gnu-size ZCU106_CustomIP_Linux_APP.elf  |tee "ZCU106_CustomIP_Linux_APP.elf.size"
   text	   data	    bss	    dec	    hex	filename
   1097	    568	      8	   1673	    689	ZCU106_CustomIP_Linux_APP.elf
'Finished building: ZCU106_CustomIP_Linux_APP.elf.size'
' '
08:18:57 **** Auto Build of configuration Debug for project ZCU106_CustomIP_Linux_APP ****
make all 
'Building file: ../src/helloworld.c'
'Invoking: ARM v8 Linux gcc compiler'
aarch64-linux-gnu-gcc -Wall -O0 -g3 -c -fmessage-length=0 -MT"src/helloworld.o" -MMD -MP -MF"src/helloworld.d" -MT"src/helloworld.o" -o "src/helloworld.o" "../src/helloworld.c"
'Finished building: ../src/helloworld.c'
' '
'Building target: ZCU106_CustomIP_Linux_APP.elf'
'Invoking: ARM v8 Linux gcc linker'
aarch64-linux-gnu-gcc  -o "ZCU106_CustomIP_Linux_APP.elf"  ./src/helloworld.o   
'Finished building target: ZCU106_CustomIP_Linux_APP.elf'
' '
'Invoking: ARM v8 Linux Print Size'
aarch64-linux-gnu-size ZCU106_CustomIP_Linux_APP.elf  |tee "ZCU106_CustomIP_Linux_APP.elf.size"
   text	   data	    bss	    dec	    hex	filename
   1097	    568	      8	   1673	    689	ZCU106_CustomIP_Linux_APP.elf
'Finished building: ZCU106_CustomIP_Linux_APP.elf.size'
' '
08:19:06 **** Incremental Build of configuration Debug for project ZCU106_CustomIP_Linux_APP ****
make all 
make: Nothing to be done for `all'.
08:19:14 **** Auto Build of configuration Debug for project ZCU106_CustomIP_Linux_APP ****
make all 
'Building file: ../src/helloworld.c'
'Invoking: ARM v8 Linux gcc compiler'
aarch64-linux-gnu-gcc -Wall -O0 -g3 -c -fmessage-length=0 -MT"src/helloworld.o" -MMD -MP -MF"src/helloworld.d" -MT"src/helloworld.o" -o "src/helloworld.o" "../src/helloworld.c"
'Finished building: ../src/helloworld.c'
' '
'Building target: ZCU106_CustomIP_Linux_APP.elf'
'Invoking: ARM v8 Linux gcc linker'
aarch64-linux-gnu-gcc  -o "ZCU106_CustomIP_Linux_APP.elf"  ./src/helloworld.o   
'Finished building target: ZCU106_CustomIP_Linux_APP.elf'
' '
'Invoking: ARM v8 Linux Print Size'
aarch64-linux-gnu-size ZCU106_CustomIP_Linux_APP.elf  |tee "ZCU106_CustomIP_Linux_APP.elf.size"
   text	   data	    bss	    dec	    hex	filename
   1097	    568	      8	   1673	    689	ZCU106_CustomIP_Linux_APP.elf
'Finished building: ZCU106_CustomIP_Linux_APP.elf.size'
' '
08:19:18 **** Incremental Build of configuration Debug for project ZCU106_CustomIP_Linux_APP ****
make all 
make: Nothing to be done for `all'.
08:23:16 **** Incremental Build of configuration Debug for project ZCU106_CustomIP_Linux_APP ****
make all 
make: Nothing to be done for `all'.
08:24:53 **** Auto Build of configuration Debug for project ZCU106_CustomIP_Linux_APP ****
make all 
'Building file: ../src/helloworld.c'
'Invoking: ARM v8 Linux gcc compiler'
aarch64-linux-gnu-gcc -Wall -O0 -g3 -c -fmessage-length=0 -MT"src/helloworld.o" -MMD -MP -MF"src/helloworld.d" -MT"src/helloworld.o" -o "src/helloworld.o" "../src/helloworld.c"
../src/helloworld.c: In function 'main':
../src/helloworld.c:24:2: warning: implicit declaration of function 'open'; did you mean 'popen'? [-Wimplicit-function-declaration]
  open("/dev/myip0", O_RDWR | O_SYNC);
  ^~~~
  popen
../src/helloworld.c:24:21: error: 'O_RDWR' undeclared (first use in this function)
  open("/dev/myip0", O_RDWR | O_SYNC);
                     ^~~~~~
../src/helloworld.c:24:21: note: each undeclared identifier is reported only once for each function it appears in
../src/helloworld.c:24:30: error: 'O_SYNC' undeclared (first use in this function)
  open("/dev/myip0", O_RDWR | O_SYNC);
                              ^~~~~~
make: *** [src/helloworld.o] ´íÎó 1
08:25:32 **** Auto Build of configuration Debug for project ZCU106_CustomIP_Linux_APP ****
make all 
'Building file: ../src/helloworld.c'
'Invoking: ARM v8 Linux gcc compiler'
aarch64-linux-gnu-gcc -Wall -O0 -g3 -c -fmessage-length=0 -MT"src/helloworld.o" -MMD -MP -MF"src/helloworld.d" -MT"src/helloworld.o" -o "src/helloworld.o" "../src/helloworld.c"
../src/helloworld.c: In function 'main':
../src/helloworld.c:24:2: warning: implicit declaration of function 'open'; did you mean 'popen'? [-Wimplicit-function-declaration]
  open("/dev/myip0", O_RDWR | O_SYNC);
  ^~~~
  popen
../src/helloworld.c:24:21: error: 'O_RDWR' undeclared (first use in this function); did you mean '_IOWR'?
  open("/dev/myip0", O_RDWR | O_SYNC);
                     ^~~~~~
                     _IOWR
../src/helloworld.c:24:21: note: each undeclared identifier is reported only once for each function it appears in
../src/helloworld.c:24:30: error: 'O_SYNC' undeclared (first use in this function)
  open("/dev/myip0", O_RDWR | O_SYNC);
                              ^~~~~~
make: *** [src/helloworld.o] ´íÎó 1
08:26:08 **** Auto Build of configuration Debug for project ZCU106_CustomIP_Linux_APP ****
make all 
'Building file: ../src/helloworld.c'
'Invoking: ARM v8 Linux gcc compiler'
aarch64-linux-gnu-gcc -Wall -O0 -g3 -c -fmessage-length=0 -MT"src/helloworld.o" -MMD -MP -MF"src/helloworld.d" -MT"src/helloworld.o" -o "src/helloworld.o" "../src/helloworld.c"
../src/helloworld.c: In function 'main':
../src/helloworld.c:25:2: warning: implicit declaration of function 'open'; did you mean 'popen'? [-Wimplicit-function-declaration]
  open("/dev/myip0", O_RDWR | O_SYNC);
  ^~~~
  popen
../src/helloworld.c:25:21: error: 'O_RDWR' undeclared (first use in this function); did you mean '_IOWR'?
  open("/dev/myip0", O_RDWR | O_SYNC);
                     ^~~~~~
                     _IOWR
../src/helloworld.c:25:21: note: each undeclared identifier is reported only once for each function it appears in
../src/helloworld.c:25:30: error: 'O_SYNC' undeclared (first use in this function)
  open("/dev/myip0", O_RDWR | O_SYNC);
                              ^~~~~~
make: *** [src/helloworld.o] ´íÎó 1
08:26:19 **** Auto Build of configuration Debug for project ZCU106_CustomIP_Linux_APP ****
make all 
'Building file: ../src/helloworld.c'
'Invoking: ARM v8 Linux gcc compiler'
aarch64-linux-gnu-gcc -Wall -O0 -g3 -c -fmessage-length=0 -MT"src/helloworld.o" -MMD -MP -MF"src/helloworld.d" -MT"src/helloworld.o" -o "src/helloworld.o" "../src/helloworld.c"
../src/helloworld.c: In function 'main':
../src/helloworld.c:26:2: warning: implicit declaration of function 'open'; did you mean 'popen'? [-Wimplicit-function-declaration]
  open("/dev/myip0", O_RDWR | O_SYNC);
  ^~~~
  popen
../src/helloworld.c:26:21: error: 'O_RDWR' undeclared (first use in this function); did you mean '_IOWR'?
  open("/dev/myip0", O_RDWR | O_SYNC);
                     ^~~~~~
                     _IOWR
../src/helloworld.c:26:21: note: each undeclared identifier is reported only once for each function it appears in
../src/helloworld.c:26:30: error: 'O_SYNC' undeclared (first use in this function); did you mean 'FIOASYNC'?
  open("/dev/myip0", O_RDWR | O_SYNC);
                              ^~~~~~
                              FIOASYNC
make: *** [src/helloworld.o] ´íÎó 1
08:26:33 **** Auto Build of configuration Debug for project ZCU106_CustomIP_Linux_APP ****
make all 
'Building file: ../src/helloworld.c'
'Invoking: ARM v8 Linux gcc compiler'
aarch64-linux-gnu-gcc -Wall -O0 -g3 -c -fmessage-length=0 -MT"src/helloworld.o" -MMD -MP -MF"src/helloworld.d" -MT"src/helloworld.o" -o "src/helloworld.o" "../src/helloworld.c"
../src/helloworld.c:22:10: fatal error: fcnl.h: No such file or directory
 #include <fcnl.h>
          ^~~~~~~~
compilation terminated.
make: *** [src/helloworld.o] ´íÎó 1
08:26:40 **** Auto Build of configuration Debug for project ZCU106_CustomIP_Linux_APP ****
make all 
'Building file: ../src/helloworld.c'
'Invoking: ARM v8 Linux gcc compiler'
aarch64-linux-gnu-gcc -Wall -O0 -g3 -c -fmessage-length=0 -MT"src/helloworld.o" -MMD -MP -MF"src/helloworld.d" -MT"src/helloworld.o" -o "src/helloworld.o" "../src/helloworld.c"
'Finished building: ../src/helloworld.c'
' '
'Building target: ZCU106_CustomIP_Linux_APP.elf'
'Invoking: ARM v8 Linux gcc linker'
aarch64-linux-gnu-gcc  -o "ZCU106_CustomIP_Linux_APP.elf"  ./src/helloworld.o   
'Finished building target: ZCU106_CustomIP_Linux_APP.elf'
' '
'Invoking: ARM v8 Linux Print Size'
aarch64-linux-gnu-size ZCU106_CustomIP_Linux_APP.elf  |tee "ZCU106_CustomIP_Linux_APP.elf.size"
   text	   data	    bss	    dec	    hex	filename
   1208	    576	      8	   1792	    700	ZCU106_CustomIP_Linux_APP.elf
'Finished building: ZCU106_CustomIP_Linux_APP.elf.size'
' '
08:26:59 **** Auto Build of configuration Debug for project ZCU106_CustomIP_Linux_APP ****
make all 
'Building file: ../src/helloworld.c'
'Invoking: ARM v8 Linux gcc compiler'
aarch64-linux-gnu-gcc -Wall -O0 -g3 -c -fmessage-length=0 -MT"src/helloworld.o" -MMD -MP -MF"src/helloworld.d" -MT"src/helloworld.o" -o "src/helloworld.o" "../src/helloworld.c"
../src/helloworld.c: In function 'main':
../src/helloworld.c:27:6: warning: unused variable 'file_desc' [-Wunused-variable]
  int file_desc = open("/dev/myip0", O_RDWR | O_SYNC);
      ^~~~~~~~~
'Finished building: ../src/helloworld.c'
' '
'Building target: ZCU106_CustomIP_Linux_APP.elf'
'Invoking: ARM v8 Linux gcc linker'
aarch64-linux-gnu-gcc  -o "ZCU106_CustomIP_Linux_APP.elf"  ./src/helloworld.o   
'Finished building target: ZCU106_CustomIP_Linux_APP.elf'
' '
'Invoking: ARM v8 Linux Print Size'
aarch64-linux-gnu-size ZCU106_CustomIP_Linux_APP.elf  |tee "ZCU106_CustomIP_Linux_APP.elf.size"
   text	   data	    bss	    dec	    hex	filename
   1208	    576	      8	   1792	    700	ZCU106_CustomIP_Linux_APP.elf
'Finished building: ZCU106_CustomIP_Linux_APP.elf.size'
' '
08:27:32 **** Auto Build of configuration Debug for project ZCU106_CustomIP_Linux_APP ****
make all 
'Building file: ../src/helloworld.c'
'Invoking: ARM v8 Linux gcc compiler'
aarch64-linux-gnu-gcc -Wall -O0 -g3 -c -fmessage-length=0 -MT"src/helloworld.o" -MMD -MP -MF"src/helloworld.d" -MT"src/helloworld.o" -o "src/helloworld.o" "../src/helloworld.c"
../src/helloworld.c: In function 'main':
../src/helloworld.c:30:2: error: 'file_desc' undeclared (first use in this function)
  file_desc = open(DEVICE_FILE_NAME, O_RDWR | O_SYNC);
  ^~~~~~~~~
../src/helloworld.c:30:2: note: each undeclared identifier is reported only once for each function it appears in
../src/helloworld.c:30:19: error: 'DEVICE_FILE_NAME' undeclared (first use in this function)
  file_desc = open(DEVICE_FILE_NAME, O_RDWR | O_SYNC);
                   ^~~~~~~~~~~~~~~~
make: *** [src/helloworld.o] ´íÎó 1
08:27:34 **** Auto Build of configuration Debug for project ZCU106_CustomIP_Linux_APP ****
make all 
'Building file: ../src/helloworld.c'
'Invoking: ARM v8 Linux gcc compiler'
aarch64-linux-gnu-gcc -Wall -O0 -g3 -c -fmessage-length=0 -MT"src/helloworld.o" -MMD -MP -MF"src/helloworld.d" -MT"src/helloworld.o" -o "src/helloworld.o" "../src/helloworld.c"
../src/helloworld.c: In function 'main':
../src/helloworld.c:30:2: error: 'file_desc' undeclared (first use in this function)
  file_desc = open(DEVICE_FILE_NAME, O_RDWR | O_SYNC);
  ^~~~~~~~~
../src/helloworld.c:30:2: note: each undeclared identifier is reported only once for each function it appears in
../src/helloworld.c:30:19: error: 'DEVICE_FILE_NAME' undeclared (first use in this function)
  file_desc = open(DEVICE_FILE_NAME, O_RDWR | O_SYNC);
                   ^~~~~~~~~~~~~~~~
make: *** [src/helloworld.o] ´íÎó 1
08:27:50 **** Auto Build of configuration Debug for project ZCU106_CustomIP_Linux_APP ****
make all 
'Building file: ../src/helloworld.c'
'Invoking: ARM v8 Linux gcc compiler'
aarch64-linux-gnu-gcc -Wall -O0 -g3 -c -fmessage-length=0 -MT"src/helloworld.o" -MMD -MP -MF"src/helloworld.d" -MT"src/helloworld.o" -o "src/helloworld.o" "../src/helloworld.c"
../src/helloworld.c: In function 'main':
../src/helloworld.c:32:2: error: 'file_desc' undeclared (first use in this function)
  file_desc = open(DEVICE_FILE_NAME, O_RDWR | O_SYNC);
  ^~~~~~~~~
../src/helloworld.c:32:2: note: each undeclared identifier is reported only once for each function it appears in
../src/helloworld.c:32:35: error: expected expression before ',' token
  file_desc = open(DEVICE_FILE_NAME, O_RDWR | O_SYNC);
                                   ^
../src/helloworld.c:35:58: error: expected expression before ')' token
   printf("Can't open device file: %s\n", DEVICE_FILE_NAME);
                                                          ^
make: *** [src/helloworld.o] ´íÎó 1
08:27:57 **** Auto Build of configuration Debug for project ZCU106_CustomIP_Linux_APP ****
make all 
'Building file: ../src/helloworld.c'
'Invoking: ARM v8 Linux gcc compiler'
aarch64-linux-gnu-gcc -Wall -O0 -g3 -c -fmessage-length=0 -MT"src/helloworld.o" -MMD -MP -MF"src/helloworld.d" -MT"src/helloworld.o" -o "src/helloworld.o" "../src/helloworld.c"
../src/helloworld.c: In function 'main':
../src/helloworld.c:32:2: error: 'file_desc' undeclared (first use in this function)
  file_desc = open(DEVICE_FILE_NAME, O_RDWR | O_SYNC);
  ^~~~~~~~~
../src/helloworld.c:32:2: note: each undeclared identifier is reported only once for each function it appears in
make: *** [src/helloworld.o] ´íÎó 1
08:28:11 **** Auto Build of configuration Debug for project ZCU106_CustomIP_Linux_APP ****
make all 
'Building file: ../src/helloworld.c'
'Invoking: ARM v8 Linux gcc compiler'
aarch64-linux-gnu-gcc -Wall -O0 -g3 -c -fmessage-length=0 -MT"src/helloworld.o" -MMD -MP -MF"src/helloworld.d" -MT"src/helloworld.o" -o "src/helloworld.o" "../src/helloworld.c"
../src/helloworld.c: In function 'main':
../src/helloworld.c:30:6: warning: unused variable 'exitflag' [-Wunused-variable]
  int exitflag=1;
      ^~~~~~~~
../src/helloworld.c:29:6: warning: unused variable 'Choice' [-Wunused-variable]
  int Choice;
      ^~~~~~
'Finished building: ../src/helloworld.c'
' '
'Building target: ZCU106_CustomIP_Linux_APP.elf'
'Invoking: ARM v8 Linux gcc linker'
aarch64-linux-gnu-gcc  -o "ZCU106_CustomIP_Linux_APP.elf"  ./src/helloworld.o   
'Finished building target: ZCU106_CustomIP_Linux_APP.elf'
' '
'Invoking: ARM v8 Linux Print Size'
aarch64-linux-gnu-size ZCU106_CustomIP_Linux_APP.elf  |tee "ZCU106_CustomIP_Linux_APP.elf.size"
   text	   data	    bss	    dec	    hex	filename
   1544	    592	      8	   2144	    860	ZCU106_CustomIP_Linux_APP.elf
'Finished building: ZCU106_CustomIP_Linux_APP.elf.size'
' '
08:28:12 **** Auto Build of configuration Debug for project ZCU106_CustomIP_Linux_APP ****
make all 
'Building file: ../src/helloworld.c'
'Invoking: ARM v8 Linux gcc compiler'
aarch64-linux-gnu-gcc -Wall -O0 -g3 -c -fmessage-length=0 -MT"src/helloworld.o" -MMD -MP -MF"src/helloworld.d" -MT"src/helloworld.o" -o "src/helloworld.o" "../src/helloworld.c"
../src/helloworld.c: In function 'main':
../src/helloworld.c:30:6: warning: unused variable 'exitflag' [-Wunused-variable]
  int exitflag=1;
      ^~~~~~~~
../src/helloworld.c:29:6: warning: unused variable 'Choice' [-Wunused-variable]
  int Choice;
      ^~~~~~
'Finished building: ../src/helloworld.c'
' '
'Building target: ZCU106_CustomIP_Linux_APP.elf'
'Invoking: ARM v8 Linux gcc linker'
aarch64-linux-gnu-gcc  -o "ZCU106_CustomIP_Linux_APP.elf"  ./src/helloworld.o   
'Finished building target: ZCU106_CustomIP_Linux_APP.elf'
' '
'Invoking: ARM v8 Linux Print Size'
aarch64-linux-gnu-size ZCU106_CustomIP_Linux_APP.elf  |tee "ZCU106_CustomIP_Linux_APP.elf.size"
   text	   data	    bss	    dec	    hex	filename
   1544	    592	      8	   2144	    860	ZCU106_CustomIP_Linux_APP.elf
'Finished building: ZCU106_CustomIP_Linux_APP.elf.size'
' '
08:28:20 **** Auto Build of configuration Debug for project ZCU106_CustomIP_Linux_APP ****
make all 
'Building file: ../src/helloworld.c'
'Invoking: ARM v8 Linux gcc compiler'
aarch64-linux-gnu-gcc -Wall -O0 -g3 -c -fmessage-length=0 -MT"src/helloworld.o" -MMD -MP -MF"src/helloworld.d" -MT"src/helloworld.o" -o "src/helloworld.o" "../src/helloworld.c"
'Finished building: ../src/helloworld.c'
' '
'Building target: ZCU106_CustomIP_Linux_APP.elf'
'Invoking: ARM v8 Linux gcc linker'
aarch64-linux-gnu-gcc  -o "ZCU106_CustomIP_Linux_APP.elf"  ./src/helloworld.o   
'Finished building target: ZCU106_CustomIP_Linux_APP.elf'
' '
'Invoking: ARM v8 Linux Print Size'
aarch64-linux-gnu-size ZCU106_CustomIP_Linux_APP.elf  |tee "ZCU106_CustomIP_Linux_APP.elf.size"
   text	   data	    bss	    dec	    hex	filename
   1536	    592	      8	   2136	    858	ZCU106_CustomIP_Linux_APP.elf
'Finished building: ZCU106_CustomIP_Linux_APP.elf.size'
' '
08:28:24 **** Incremental Build of configuration Debug for project ZCU106_CustomIP_Linux_APP ****
make all 
make: Nothing to be done for `all'.
08:28:49 **** Auto Build of configuration Debug for project ZCU106_CustomIP_Linux_APP ****
make all 
'Building file: ../src/helloworld.c'
'Invoking: ARM v8 Linux gcc compiler'
aarch64-linux-gnu-gcc -Wall -O0 -g3 -c -fmessage-length=0 -MT"src/helloworld.o" -MMD -MP -MF"src/helloworld.d" -MT"src/helloworld.o" -o "src/helloworld.o" "../src/helloworld.c"
'Finished building: ../src/helloworld.c'
' '
'Building target: ZCU106_CustomIP_Linux_APP.elf'
'Invoking: ARM v8 Linux gcc linker'
aarch64-linux-gnu-gcc  -o "ZCU106_CustomIP_Linux_APP.elf"  ./src/helloworld.o   
'Finished building target: ZCU106_CustomIP_Linux_APP.elf'
' '
'Invoking: ARM v8 Linux Print Size'
aarch64-linux-gnu-size ZCU106_CustomIP_Linux_APP.elf  |tee "ZCU106_CustomIP_Linux_APP.elf.size"
   text	   data	    bss	    dec	    hex	filename
   1536	    592	      8	   2136	    858	ZCU106_CustomIP_Linux_APP.elf
'Finished building: ZCU106_CustomIP_Linux_APP.elf.size'
' '
08:28:53 **** Incremental Build of configuration Debug for project ZCU106_CustomIP_Linux_APP ****
make all 
make: Nothing to be done for `all'.
08:28:57 **** Auto Build of configuration Debug for project ZCU106_CustomIP_Linux_APP ****
make all 
'Building file: ../src/helloworld.c'
'Invoking: ARM v8 Linux gcc compiler'
aarch64-linux-gnu-gcc -Wall -O0 -g3 -c -fmessage-length=0 -MT"src/helloworld.o" -MMD -MP -MF"src/helloworld.d" -MT"src/helloworld.o" -o "src/helloworld.o" "../src/helloworld.c"
'Finished building: ../src/helloworld.c'
' '
'Building target: ZCU106_CustomIP_Linux_APP.elf'
'Invoking: ARM v8 Linux gcc linker'
aarch64-linux-gnu-gcc  -o "ZCU106_CustomIP_Linux_APP.elf"  ./src/helloworld.o   
'Finished building target: ZCU106_CustomIP_Linux_APP.elf'
' '
'Invoking: ARM v8 Linux Print Size'
aarch64-linux-gnu-size ZCU106_CustomIP_Linux_APP.elf  |tee "ZCU106_CustomIP_Linux_APP.elf.size"
   text	   data	    bss	    dec	    hex	filename
   1536	    592	      8	   2136	    858	ZCU106_CustomIP_Linux_APP.elf
'Finished building: ZCU106_CustomIP_Linux_APP.elf.size'
' '
08:29:01 **** Incremental Build of configuration Debug for project ZCU106_CustomIP_Linux_APP ****
make all 
make: Nothing to be done for `all'.
08:41:37 **** Build of configuration Debug for project ZCU106_CustomIP_Linux0 ****
make all 
'Building file: ../src/helloworld.c'
'Invoking: ARM v8 Linux gcc compiler'
aarch64-linux-gnu-gcc -Wall -O0 -g3 -c -fmessage-length=0 -MT"src/helloworld.o" -MMD -MP -MF"src/helloworld.d" -MT"src/helloworld.o" -o "src/helloworld.o" "../src/helloworld.c"
'Finished building: ../src/helloworld.c'
' '
'Building target: ZCU106_CustomIP_Linux0.elf'
'Invoking: ARM v8 Linux gcc linker'
aarch64-linux-gnu-gcc  -o "ZCU106_CustomIP_Linux0.elf"  ./src/helloworld.o   
'Finished building target: ZCU106_CustomIP_Linux0.elf'
' '
'Invoking: ARM v8 Linux Print Size'
aarch64-linux-gnu-size ZCU106_CustomIP_Linux0.elf  |tee "ZCU106_CustomIP_Linux0.elf.size"
   text	   data	    bss	    dec	    hex	filename
   1055	    568	      8	   1631	    65f	ZCU106_CustomIP_Linux0.elf
'Finished building: ZCU106_CustomIP_Linux0.elf.size'
' '
08:41:46 **** Auto Build of configuration Debug for project ZCU106_CustomIP_Linux0 ****
make all 
'Building file: ../src/helloworld.c'
'Invoking: ARM v8 Linux gcc compiler'
aarch64-linux-gnu-gcc -Wall -O0 -g3 -c -fmessage-length=0 -MT"src/helloworld.o" -MMD -MP -MF"src/helloworld.d" -MT"src/helloworld.o" -o "src/helloworld.o" "../src/helloworld.c"
../src/helloworld.c:20:10: fatal error: linux/init.h: No such file or directory
 #include <linux/init.h>
          ^~~~~~~~~~~~~~
compilation terminated.
make: *** [src/helloworld.o] ´íÎó 1
08:59:29 **** Auto Build of configuration Debug for project ZCU106_CustomIP_Linux_APP ****
make all 
'Building file: ../src/helloworld.c'
'Invoking: ARM v8 Linux gcc compiler'
aarch64-linux-gnu-gcc -Wall -O0 -g3 -c -fmessage-length=0 -MT"src/helloworld.o" -MMD -MP -MF"src/helloworld.d" -MT"src/helloworld.o" -o "src/helloworld.o" "../src/helloworld.c"
../src/helloworld.c: In function 'main':
../src/helloworld.c:43:2: warning: implicit declaration of function 'write'; did you mean 'fwrite'? [-Wimplicit-function-declaration]
  write(file_desc, 1);
  ^~~~~
  fwrite
'Finished building: ../src/helloworld.c'
' '
'Building target: ZCU106_CustomIP_Linux_APP.elf'
'Invoking: ARM v8 Linux gcc linker'
aarch64-linux-gnu-gcc  -o "ZCU106_CustomIP_Linux_APP.elf"  ./src/helloworld.o   
'Finished building target: ZCU106_CustomIP_Linux_APP.elf'
' '
'Invoking: ARM v8 Linux Print Size'
aarch64-linux-gnu-size ZCU106_CustomIP_Linux_APP.elf  |tee "ZCU106_CustomIP_Linux_APP.elf.size"
   text	   data	    bss	    dec	    hex	filename
   1616	    600	      8	   2224	    8b0	ZCU106_CustomIP_Linux_APP.elf
'Finished building: ZCU106_CustomIP_Linux_APP.elf.size'
' '
09:01:33 **** Incremental Build of configuration Debug for project ZCU106_CustomIP_Linux_APP ****
make all 
make: Nothing to be done for `all'.
11:06:11 **** Auto Build of configuration Debug for project ZCU106_CustomIP_Linux_APP ****
make all 
'Building file: ../src/helloworld.c'
'Invoking: ARM v8 Linux gcc compiler'
aarch64-linux-gnu-gcc -Wall -O0 -g3 -c -fmessage-length=0 -MT"src/helloworld.o" -MMD -MP -MF"src/helloworld.d" -MT"src/helloworld.o" -o "src/helloworld.o" "../src/helloworld.c"
../src/helloworld.c: In function 'main':
../src/helloworld.c:43:2: warning: implicit declaration of function 'write'; did you mean 'fwrite'? [-Wimplicit-function-declaration]
  write(file_desc, "aa", 1);
  ^~~~~
  fwrite
'Finished building: ../src/helloworld.c'
' '
'Building target: ZCU106_CustomIP_Linux_APP.elf'
'Invoking: ARM v8 Linux gcc linker'
aarch64-linux-gnu-gcc  -o "ZCU106_CustomIP_Linux_APP.elf"  ./src/helloworld.o   
'Finished building target: ZCU106_CustomIP_Linux_APP.elf'
' '
'Invoking: ARM v8 Linux Print Size'
aarch64-linux-gnu-size ZCU106_CustomIP_Linux_APP.elf  |tee "ZCU106_CustomIP_Linux_APP.elf.size"
   text	   data	    bss	    dec	    hex	filename
   1640	    600	      8	   2248	    8c8	ZCU106_CustomIP_Linux_APP.elf
'Finished building: ZCU106_CustomIP_Linux_APP.elf.size'
' '
11:06:48 **** Auto Build of configuration Debug for project ZCU106_CustomIP_Linux_APP ****
make all 
'Building file: ../src/helloworld.c'
'Invoking: ARM v8 Linux gcc compiler'
aarch64-linux-gnu-gcc -Wall -O0 -g3 -c -fmessage-length=0 -MT"src/helloworld.o" -MMD -MP -MF"src/helloworld.d" -MT"src/helloworld.o" -o "src/helloworld.o" "../src/helloworld.c"
../src/helloworld.c: In function 'main':
../src/helloworld.c:44:2: warning: implicit declaration of function 'write'; did you mean 'fwrite'? [-Wimplicit-function-declaration]
  write(file_desc, "aa", 2, loff);
  ^~~~~
  fwrite
'Finished building: ../src/helloworld.c'
' '
'Building target: ZCU106_CustomIP_Linux_APP.elf'
'Invoking: ARM v8 Linux gcc linker'
aarch64-linux-gnu-gcc  -o "ZCU106_CustomIP_Linux_APP.elf"  ./src/helloworld.o   
'Finished building target: ZCU106_CustomIP_Linux_APP.elf'
' '
'Invoking: ARM v8 Linux Print Size'
aarch64-linux-gnu-size ZCU106_CustomIP_Linux_APP.elf  |tee "ZCU106_CustomIP_Linux_APP.elf.size"
   text	   data	    bss	    dec	    hex	filename
   1648	    600	      8	   2256	    8d0	ZCU106_CustomIP_Linux_APP.elf
'Finished building: ZCU106_CustomIP_Linux_APP.elf.size'
' '
11:07:03 **** Incremental Build of configuration Debug for project ZCU106_CustomIP_Linux_APP ****
make all 
make: Nothing to be done for `all'.
11:07:12 **** Auto Build of configuration Debug for project ZCU106_CustomIP_Linux_APP ****
make all 
'Building file: ../src/helloworld.c'
'Invoking: ARM v8 Linux gcc compiler'
aarch64-linux-gnu-gcc -Wall -O0 -g3 -c -fmessage-length=0 -MT"src/helloworld.o" -MMD -MP -MF"src/helloworld.d" -MT"src/helloworld.o" -o "src/helloworld.o" "../src/helloworld.c"
../src/helloworld.c: In function 'main':
../src/helloworld.c:44:2: warning: implicit declaration of function 'write'; did you mean 'fwrite'? [-Wimplicit-function-declaration]
  write(file_desc, "aa", 2, loff);
  ^~~~~
  fwrite
'Finished building: ../src/helloworld.c'
' '
'Building target: ZCU106_CustomIP_Linux_APP.elf'
'Invoking: ARM v8 Linux gcc linker'
aarch64-linux-gnu-gcc  -o "ZCU106_CustomIP_Linux_APP.elf"  ./src/helloworld.o   
'Finished building target: ZCU106_CustomIP_Linux_APP.elf'
' '
'Invoking: ARM v8 Linux Print Size'
aarch64-linux-gnu-size ZCU106_CustomIP_Linux_APP.elf  |tee "ZCU106_CustomIP_Linux_APP.elf.size"
   text	   data	    bss	    dec	    hex	filename
   1648	    600	      8	   2256	    8d0	ZCU106_CustomIP_Linux_APP.elf
'Finished building: ZCU106_CustomIP_Linux_APP.elf.size'
' '
11:07:15 **** Incremental Build of configuration Debug for project ZCU106_CustomIP_Linux_APP ****
make all 
make: Nothing to be done for `all'.
11:07:23 **** Auto Build of configuration Debug for project ZCU106_CustomIP_Linux_APP ****
make all 
'Building file: ../src/helloworld.c'
'Invoking: ARM v8 Linux gcc compiler'
aarch64-linux-gnu-gcc -Wall -O0 -g3 -c -fmessage-length=0 -MT"src/helloworld.o" -MMD -MP -MF"src/helloworld.d" -MT"src/helloworld.o" -o "src/helloworld.o" "../src/helloworld.c"
../src/helloworld.c: In function 'main':
../src/helloworld.c:44:2: warning: implicit declaration of function 'write'; did you mean 'fwrite'? [-Wimplicit-function-declaration]
  write(file_desc, "aa", 4, loff);
  ^~~~~
  fwrite
'Finished building: ../src/helloworld.c'
' '
'Building target: ZCU106_CustomIP_Linux_APP.elf'
'Invoking: ARM v8 Linux gcc linker'
aarch64-linux-gnu-gcc  -o "ZCU106_CustomIP_Linux_APP.elf"  ./src/helloworld.o   
'Finished building target: ZCU106_CustomIP_Linux_APP.elf'
' '
'Invoking: ARM v8 Linux Print Size'
aarch64-linux-gnu-size ZCU106_CustomIP_Linux_APP.elf  |tee "ZCU106_CustomIP_Linux_APP.elf.size"
   text	   data	    bss	    dec	    hex	filename
   1648	    600	      8	   2256	    8d0	ZCU106_CustomIP_Linux_APP.elf
'Finished building: ZCU106_CustomIP_Linux_APP.elf.size'
' '
11:07:27 **** Incremental Build of configuration Debug for project ZCU106_CustomIP_Linux_APP ****
make all 
make: Nothing to be done for `all'.
11:07:31 **** Auto Build of configuration Debug for project ZCU106_CustomIP_Linux_APP ****
make all 
'Building file: ../src/helloworld.c'
'Invoking: ARM v8 Linux gcc compiler'
aarch64-linux-gnu-gcc -Wall -O0 -g3 -c -fmessage-length=0 -MT"src/helloworld.o" -MMD -MP -MF"src/helloworld.d" -MT"src/helloworld.o" -o "src/helloworld.o" "../src/helloworld.c"
../src/helloworld.c: In function 'main':
../src/helloworld.c:44:2: warning: implicit declaration of function 'write'; did you mean 'fwrite'? [-Wimplicit-function-declaration]
  write(file_desc, "aa", 5, loff);
  ^~~~~
  fwrite
'Finished building: ../src/helloworld.c'
' '
'Building target: ZCU106_CustomIP_Linux_APP.elf'
'Invoking: ARM v8 Linux gcc linker'
aarch64-linux-gnu-gcc  -o "ZCU106_CustomIP_Linux_APP.elf"  ./src/helloworld.o   
'Finished building target: ZCU106_CustomIP_Linux_APP.elf'
' '
'Invoking: ARM v8 Linux Print Size'
aarch64-linux-gnu-size ZCU106_CustomIP_Linux_APP.elf  |tee "ZCU106_CustomIP_Linux_APP.elf.size"
   text	   data	    bss	    dec	    hex	filename
   1648	    600	      8	   2256	    8d0	ZCU106_CustomIP_Linux_APP.elf
'Finished building: ZCU106_CustomIP_Linux_APP.elf.size'
' '
11:07:35 **** Incremental Build of configuration Debug for project ZCU106_CustomIP_Linux_APP ****
make all 
make: Nothing to be done for `all'.
11:07:39 **** Auto Build of configuration Debug for project ZCU106_CustomIP_Linux_APP ****
make all 
'Building file: ../src/helloworld.c'
'Invoking: ARM v8 Linux gcc compiler'
aarch64-linux-gnu-gcc -Wall -O0 -g3 -c -fmessage-length=0 -MT"src/helloworld.o" -MMD -MP -MF"src/helloworld.d" -MT"src/helloworld.o" -o "src/helloworld.o" "../src/helloworld.c"
../src/helloworld.c: In function 'main':
../src/helloworld.c:44:2: warning: implicit declaration of function 'write'; did you mean 'fwrite'? [-Wimplicit-function-declaration]
  write(file_desc, "aa", 6, loff);
  ^~~~~
  fwrite
'Finished building: ../src/helloworld.c'
' '
'Building target: ZCU106_CustomIP_Linux_APP.elf'
'Invoking: ARM v8 Linux gcc linker'
aarch64-linux-gnu-gcc  -o "ZCU106_CustomIP_Linux_APP.elf"  ./src/helloworld.o   
'Finished building target: ZCU106_CustomIP_Linux_APP.elf'
' '
'Invoking: ARM v8 Linux Print Size'
aarch64-linux-gnu-size ZCU106_CustomIP_Linux_APP.elf  |tee "ZCU106_CustomIP_Linux_APP.elf.size"
   text	   data	    bss	    dec	    hex	filename
   1648	    600	      8	   2256	    8d0	ZCU106_CustomIP_Linux_APP.elf
'Finished building: ZCU106_CustomIP_Linux_APP.elf.size'
' '
11:07:43 **** Incremental Build of configuration Debug for project ZCU106_CustomIP_Linux_APP ****
make all 
make: Nothing to be done for `all'.
11:07:47 **** Auto Build of configuration Debug for project ZCU106_CustomIP_Linux_APP ****
make all 
'Building file: ../src/helloworld.c'
'Invoking: ARM v8 Linux gcc compiler'
aarch64-linux-gnu-gcc -Wall -O0 -g3 -c -fmessage-length=0 -MT"src/helloworld.o" -MMD -MP -MF"src/helloworld.d" -MT"src/helloworld.o" -o "src/helloworld.o" "../src/helloworld.c"
../src/helloworld.c: In function 'main':
../src/helloworld.c:44:2: warning: implicit declaration of function 'write'; did you mean 'fwrite'? [-Wimplicit-function-declaration]
  write(file_desc, "aa", 7, loff);
  ^~~~~
  fwrite
'Finished building: ../src/helloworld.c'
' '
'Building target: ZCU106_CustomIP_Linux_APP.elf'
'Invoking: ARM v8 Linux gcc linker'
aarch64-linux-gnu-gcc  -o "ZCU106_CustomIP_Linux_APP.elf"  ./src/helloworld.o   
'Finished building target: ZCU106_CustomIP_Linux_APP.elf'
' '
'Invoking: ARM v8 Linux Print Size'
aarch64-linux-gnu-size ZCU106_CustomIP_Linux_APP.elf  |tee "ZCU106_CustomIP_Linux_APP.elf.size"
   text	   data	    bss	    dec	    hex	filename
   1648	    600	      8	   2256	    8d0	ZCU106_CustomIP_Linux_APP.elf
'Finished building: ZCU106_CustomIP_Linux_APP.elf.size'
' '
11:07:50 **** Incremental Build of configuration Debug for project ZCU106_CustomIP_Linux_APP ****
make all 
make: Nothing to be done for `all'.
11:07:58 **** Auto Build of configuration Debug for project ZCU106_CustomIP_Linux_APP ****
make all 
'Building file: ../src/helloworld.c'
'Invoking: ARM v8 Linux gcc compiler'
aarch64-linux-gnu-gcc -Wall -O0 -g3 -c -fmessage-length=0 -MT"src/helloworld.o" -MMD -MP -MF"src/helloworld.d" -MT"src/helloworld.o" -o "src/helloworld.o" "../src/helloworld.c"
../src/helloworld.c: In function 'main':
../src/helloworld.c:44:2: warning: implicit declaration of function 'write'; did you mean 'fwrite'? [-Wimplicit-function-declaration]
  write(file_desc, "aa", 0, loff);
  ^~~~~
  fwrite
'Finished building: ../src/helloworld.c'
' '
'Building target: ZCU106_CustomIP_Linux_APP.elf'
'Invoking: ARM v8 Linux gcc linker'
aarch64-linux-gnu-gcc  -o "ZCU106_CustomIP_Linux_APP.elf"  ./src/helloworld.o   
'Finished building target: ZCU106_CustomIP_Linux_APP.elf'
' '
'Invoking: ARM v8 Linux Print Size'
aarch64-linux-gnu-size ZCU106_CustomIP_Linux_APP.elf  |tee "ZCU106_CustomIP_Linux_APP.elf.size"
   text	   data	    bss	    dec	    hex	filename
   1648	    600	      8	   2256	    8d0	ZCU106_CustomIP_Linux_APP.elf
'Finished building: ZCU106_CustomIP_Linux_APP.elf.size'
' '
11:08:01 **** Incremental Build of configuration Debug for project ZCU106_CustomIP_Linux_APP ****
make all 
make: Nothing to be done for `all'.
11:11:15 **** Auto Build of configuration Debug for project ZCU106_CustomIP_Linux_APP ****
make all 
'Building file: ../src/helloworld.c'
'Invoking: ARM v8 Linux gcc compiler'
aarch64-linux-gnu-gcc -Wall -O0 -g3 -c -fmessage-length=0 -MT"src/helloworld.o" -MMD -MP -MF"src/helloworld.d" -MT"src/helloworld.o" -o "src/helloworld.o" "../src/helloworld.c"
../src/helloworld.c: In function 'main':
../src/helloworld.c:44:2: warning: implicit declaration of function 'write'; did you mean 'fwrite'? [-Wimplicit-function-declaration]
  write(file_desc, "aa", 1, loff);
  ^~~~~
  fwrite
'Finished building: ../src/helloworld.c'
' '
'Building target: ZCU106_CustomIP_Linux_APP.elf'
'Invoking: ARM v8 Linux gcc linker'
aarch64-linux-gnu-gcc  -o "ZCU106_CustomIP_Linux_APP.elf"  ./src/helloworld.o   
'Finished building target: ZCU106_CustomIP_Linux_APP.elf'
' '
'Invoking: ARM v8 Linux Print Size'
aarch64-linux-gnu-size ZCU106_CustomIP_Linux_APP.elf  |tee "ZCU106_CustomIP_Linux_APP.elf.size"
   text	   data	    bss	    dec	    hex	filename
   1648	    600	      8	   2256	    8d0	ZCU106_CustomIP_Linux_APP.elf
'Finished building: ZCU106_CustomIP_Linux_APP.elf.size'
' '
11:11:18 **** Incremental Build of configuration Debug for project ZCU106_CustomIP_Linux_APP ****
make all 
make: Nothing to be done for `all'.
11:20:37 **** Auto Build of configuration Debug for project ZCU106_CustomIP_Linux_APP ****
make all 
'Building file: ../src/helloworld.c'
'Invoking: ARM v8 Linux gcc compiler'
aarch64-linux-gnu-gcc -Wall -O0 -g3 -c -fmessage-length=0 -MT"src/helloworld.o" -MMD -MP -MF"src/helloworld.d" -MT"src/helloworld.o" -o "src/helloworld.o" "../src/helloworld.c"
../src/helloworld.c: In function 'main':
../src/helloworld.c:44:2: warning: implicit declaration of function 'write'; did you mean 'fwrite'? [-Wimplicit-function-declaration]
  write(file_desc, "aa", 3, loff);
  ^~~~~
  fwrite
'Finished building: ../src/helloworld.c'
' '
'Building target: ZCU106_CustomIP_Linux_APP.elf'
'Invoking: ARM v8 Linux gcc linker'
aarch64-linux-gnu-gcc  -o "ZCU106_CustomIP_Linux_APP.elf"  ./src/helloworld.o   
'Finished building target: ZCU106_CustomIP_Linux_APP.elf'
' '
'Invoking: ARM v8 Linux Print Size'
aarch64-linux-gnu-size ZCU106_CustomIP_Linux_APP.elf  |tee "ZCU106_CustomIP_Linux_APP.elf.size"
   text	   data	    bss	    dec	    hex	filename
   1648	    600	      8	   2256	    8d0	ZCU106_CustomIP_Linux_APP.elf
'Finished building: ZCU106_CustomIP_Linux_APP.elf.size'
' '
11:20:40 **** Incremental Build of configuration Debug for project ZCU106_CustomIP_Linux_APP ****
make all 
make: Nothing to be done for `all'.
13:18:56 **** Auto Build of configuration Debug for project ZCU106_CustomIP_Linux_APP ****
make all 
'Building file: ../src/helloworld.c'
'Invoking: ARM v8 Linux gcc compiler'
aarch64-linux-gnu-gcc -Wall -O0 -g3 -c -fmessage-length=0 -MT"src/helloworld.o" -MMD -MP -MF"src/helloworld.d" -MT"src/helloworld.o" -o "src/helloworld.o" "../src/helloworld.c"
../src/helloworld.c: In function 'main':
../src/helloworld.c:44:2: warning: implicit declaration of function 'write'; did you mean 'fwrite'? [-Wimplicit-function-declaration]
  write(file_desc, "aa", 4, loff);
  ^~~~~
  fwrite
'Finished building: ../src/helloworld.c'
' '
'Building target: ZCU106_CustomIP_Linux_APP.elf'
'Invoking: ARM v8 Linux gcc linker'
aarch64-linux-gnu-gcc  -o "ZCU106_CustomIP_Linux_APP.elf"  ./src/helloworld.o   
'Finished building target: ZCU106_CustomIP_Linux_APP.elf'
' '
'Invoking: ARM v8 Linux Print Size'
aarch64-linux-gnu-size ZCU106_CustomIP_Linux_APP.elf  |tee "ZCU106_CustomIP_Linux_APP.elf.size"
   text	   data	    bss	    dec	    hex	filename
   1648	    600	      8	   2256	    8d0	ZCU106_CustomIP_Linux_APP.elf
'Finished building: ZCU106_CustomIP_Linux_APP.elf.size'
' '
13:18:59 **** Incremental Build of configuration Debug for project ZCU106_CustomIP_Linux_APP ****
make all 
make: Nothing to be done for `all'.
13:19:47 **** Incremental Build of configuration Debug for project ZCU106_CustomIP_Linux_APP ****
make all 
make: Nothing to be done for `all'.
13:19:54 **** Auto Build of configuration Debug for project ZCU106_CustomIP_Linux_APP ****
make all 
'Building file: ../src/helloworld.c'
'Invoking: ARM v8 Linux gcc compiler'
aarch64-linux-gnu-gcc -Wall -O0 -g3 -c -fmessage-length=0 -MT"src/helloworld.o" -MMD -MP -MF"src/helloworld.d" -MT"src/helloworld.o" -o "src/helloworld.o" "../src/helloworld.c"
../src/helloworld.c: In function 'main':
../src/helloworld.c:44:2: warning: implicit declaration of function 'write'; did you mean 'fwrite'? [-Wimplicit-function-declaration]
  write(file_desc, "aa", 6, loff);
  ^~~~~
  fwrite
'Finished building: ../src/helloworld.c'
' '
'Building target: ZCU106_CustomIP_Linux_APP.elf'
'Invoking: ARM v8 Linux gcc linker'
aarch64-linux-gnu-gcc  -o "ZCU106_CustomIP_Linux_APP.elf"  ./src/helloworld.o   
'Finished building target: ZCU106_CustomIP_Linux_APP.elf'
' '
'Invoking: ARM v8 Linux Print Size'
aarch64-linux-gnu-size ZCU106_CustomIP_Linux_APP.elf  |tee "ZCU106_CustomIP_Linux_APP.elf.size"
   text	   data	    bss	    dec	    hex	filename
   1648	    600	      8	   2256	    8d0	ZCU106_CustomIP_Linux_APP.elf
'Finished building: ZCU106_CustomIP_Linux_APP.elf.size'
' '
13:19:58 **** Incremental Build of configuration Debug for project ZCU106_CustomIP_Linux_APP ****
make all 
make: Nothing to be done for `all'.
14:08:16 **** Auto Build of configuration Debug for project ZCU106_CustomIP_Linux_APP ****
make all 
'Building file: ../src/helloworld.c'
'Invoking: ARM v8 Linux gcc compiler'
aarch64-linux-gnu-gcc -Wall -O0 -g3 -c -fmessage-length=0 -MT"src/helloworld.o" -MMD -MP -MF"src/helloworld.d" -MT"src/helloworld.o" -o "src/helloworld.o" "../src/helloworld.c"
../src/helloworld.c: In function 'main':
../src/helloworld.c:48:2: warning: implicit declaration of function 'write'; did you mean 'fwrite'? [-Wimplicit-function-declaration]
  write(file_desc, "aa", 6, loff);
  ^~~~~
  fwrite
'Finished building: ../src/helloworld.c'
' '
'Building target: ZCU106_CustomIP_Linux_APP.elf'
'Invoking: ARM v8 Linux gcc linker'
aarch64-linux-gnu-gcc  -o "ZCU106_CustomIP_Linux_APP.elf"  ./src/helloworld.o   
'Finished building target: ZCU106_CustomIP_Linux_APP.elf'
' '
'Invoking: ARM v8 Linux Print Size'
aarch64-linux-gnu-size ZCU106_CustomIP_Linux_APP.elf  |tee "ZCU106_CustomIP_Linux_APP.elf.size"
   text	   data	    bss	    dec	    hex	filename
   1672	    600	      8	   2280	    8e8	ZCU106_CustomIP_Linux_APP.elf
'Finished building: ZCU106_CustomIP_Linux_APP.elf.size'
' '
14:08:21 **** Auto Build of configuration Debug for project ZCU106_CustomIP_Linux_APP ****
make all 
'Building file: ../src/helloworld.c'
'Invoking: ARM v8 Linux gcc compiler'
aarch64-linux-gnu-gcc -Wall -O0 -g3 -c -fmessage-length=0 -MT"src/helloworld.o" -MMD -MP -MF"src/helloworld.d" -MT"src/helloworld.o" -o "src/helloworld.o" "../src/helloworld.c"
../src/helloworld.c: In function 'write_reg':
../src/helloworld.c:28:2: warning: implicit declaration of function 'write'; did you mean 'fwrite'? [-Wimplicit-function-declaration]
  write(file_desc, "aa", 6, loff);
  ^~~~~
  fwrite
../src/helloworld.c:28:8: error: 'file_desc' undeclared (first use in this function); did you mean 'fileDesc'?
  write(file_desc, "aa", 6, loff);
        ^~~~~~~~~
        fileDesc
../src/helloworld.c:28:8: note: each undeclared identifier is reported only once for each function it appears in
../src/helloworld.c:28:28: error: 'loff' undeclared (first use in this function); did you mean 'lockf'?
  write(file_desc, "aa", 6, loff);
                            ^~~~
                            lockf
make: *** [src/helloworld.o] ´íÎó 1
14:08:23 **** Auto Build of configuration Debug for project ZCU106_CustomIP_Linux_APP ****
make all 
'Building file: ../src/helloworld.c'
'Invoking: ARM v8 Linux gcc compiler'
aarch64-linux-gnu-gcc -Wall -O0 -g3 -c -fmessage-length=0 -MT"src/helloworld.o" -MMD -MP -MF"src/helloworld.d" -MT"src/helloworld.o" -o "src/helloworld.o" "../src/helloworld.c"
../src/helloworld.c: In function 'write_reg':
../src/helloworld.c:30:2: warning: implicit declaration of function 'write'; did you mean 'fwrite'? [-Wimplicit-function-declaration]
  write(file_desc, "aa", 6, loff);
  ^~~~~
  fwrite
../src/helloworld.c:30:8: error: 'file_desc' undeclared (first use in this function); did you mean 'fileDesc'?
  write(file_desc, "aa", 6, loff);
        ^~~~~~~~~
        fileDesc
../src/helloworld.c:30:8: note: each undeclared identifier is reported only once for each function it appears in
../src/helloworld.c:30:28: error: 'loff' undeclared (first use in this function); did you mean 'lockf'?
  write(file_desc, "aa", 6, loff);
                            ^~~~
                            lockf
make: *** [src/helloworld.o] ´íÎó 1
14:08:34 **** Auto Build of configuration Debug for project ZCU106_CustomIP_Linux_APP ****
make all 
'Building file: ../src/helloworld.c'
'Invoking: ARM v8 Linux gcc compiler'
aarch64-linux-gnu-gcc -Wall -O0 -g3 -c -fmessage-length=0 -MT"src/helloworld.o" -MMD -MP -MF"src/helloworld.d" -MT"src/helloworld.o" -o "src/helloworld.o" "../src/helloworld.c"
../src/helloworld.c: In function 'write_reg':
../src/helloworld.c:30:2: warning: implicit declaration of function 'write'; did you mean 'fwrite'? [-Wimplicit-function-declaration]
  write(fileDesc, "aa", 6, loff);
  ^~~~~
  fwrite
../src/helloworld.c:30:27: error: 'loff' undeclared (first use in this function); did you mean 'lockf'?
  write(fileDesc, "aa", 6, loff);
                           ^~~~
                           lockf
../src/helloworld.c:30:27: note: each undeclared identifier is reported only once for each function it appears in
make: *** [src/helloworld.o] ´íÎó 1
14:08:38 **** Auto Build of configuration Debug for project ZCU106_CustomIP_Linux_APP ****
make all 
'Building file: ../src/helloworld.c'
'Invoking: ARM v8 Linux gcc compiler'
aarch64-linux-gnu-gcc -Wall -O0 -g3 -c -fmessage-length=0 -MT"src/helloworld.o" -MMD -MP -MF"src/helloworld.d" -MT"src/helloworld.o" -o "src/helloworld.o" "../src/helloworld.c"
../src/helloworld.c: In function 'write_reg':
../src/helloworld.c:30:2: warning: implicit declaration of function 'write'; did you mean 'fwrite'? [-Wimplicit-function-declaration]
  write(fileDesc, "aa", 6, NULL);
  ^~~~~
  fwrite
'Finished building: ../src/helloworld.c'
' '
'Building target: ZCU106_CustomIP_Linux_APP.elf'
'Invoking: ARM v8 Linux gcc linker'
aarch64-linux-gnu-gcc  -o "ZCU106_CustomIP_Linux_APP.elf"  ./src/helloworld.o   
'Finished building target: ZCU106_CustomIP_Linux_APP.elf'
' '
'Invoking: ARM v8 Linux Print Size'
[...]
  ^~~~
  fread
../src/main.c: In function 'write_reg':
../src/main.c:50:2: warning: implicit declaration of function 'write'; did you mean 'fwrite'? [-Wimplicit-function-declaration]
  write(fileDesc, buffer, 8);
  ^~~~~
  fwrite
'Finished building: ../src/main.c'
' '
'Building target: ZCU106_CustomIP_Linux_APP.elf'
'Invoking: ARM v8 Linux gcc linker'
aarch64-linux-gnu-gcc  -o "ZCU106_CustomIP_Linux_APP.elf"  ./src/main.o   
'Finished building target: ZCU106_CustomIP_Linux_APP.elf'
' '
'Invoking: ARM v8 Linux Print Size'
aarch64-linux-gnu-size ZCU106_CustomIP_Linux_APP.elf  |tee "ZCU106_CustomIP_Linux_APP.elf.size"
   text	   data	    bss	    dec	    hex	filename
   1908	    600	      8	   2516	    9d4	ZCU106_CustomIP_Linux_APP.elf
'Finished building: ZCU106_CustomIP_Linux_APP.elf.size'
' '
11:01:39 **** Auto Build of configuration Debug for project ZCU106_CustomIP_Linux_APP ****
make all 
'Building file: ../src/main.c'
'Invoking: ARM v8 Linux gcc compiler'
aarch64-linux-gnu-gcc -Wall -O0 -g3 -c -fmessage-length=0 -MT"src/main.o" -MMD -MP -MF"src/main.d" -MT"src/main.o" -o "src/main.o" "../src/main.c"
../src/main.c: In function 'read_reg':
../src/main.c:34:2: warning: implicit declaration of function 'read'; did you mean 'fread'? [-Wimplicit-function-declaration]
  read(fileDesc, buffer, 8);
  ^~~~
  fread
../src/main.c: In function 'write_reg':
../src/main.c:50:2: warning: implicit declaration of function 'write'; did you mean 'fwrite'? [-Wimplicit-function-declaration]
  write(fileDesc, buffer, 8);
  ^~~~~
  fwrite
'Finished building: ../src/main.c'
' '
'Building target: ZCU106_CustomIP_Linux_APP.elf'
'Invoking: ARM v8 Linux gcc linker'
aarch64-linux-gnu-gcc  -o "ZCU106_CustomIP_Linux_APP.elf"  ./src/main.o   
'Finished building target: ZCU106_CustomIP_Linux_APP.elf'
' '
'Invoking: ARM v8 Linux Print Size'
aarch64-linux-gnu-size ZCU106_CustomIP_Linux_APP.elf  |tee "ZCU106_CustomIP_Linux_APP.elf.size"
   text	   data	    bss	    dec	    hex	filename
   1908	    600	      8	   2516	    9d4	ZCU106_CustomIP_Linux_APP.elf
'Finished building: ZCU106_CustomIP_Linux_APP.elf.size'
' '
11:01:41 **** Incremental Build of configuration Debug for project ZCU106_CustomIP_Linux_APP ****
make all 
make: Nothing to be done for `all'.
11:01:46 **** Auto Build of configuration Debug for project ZCU106_CustomIP_Linux_APP ****
make all 
'Building file: ../src/main.c'
'Invoking: ARM v8 Linux gcc compiler'
aarch64-linux-gnu-gcc -Wall -O0 -g3 -c -fmessage-length=0 -MT"src/main.o" -MMD -MP -MF"src/main.d" -MT"src/main.o" -o "src/main.o" "../src/main.c"
../src/main.c: In function 'read_reg':
../src/main.c:34:2: warning: implicit declaration of function 'read'; did you mean 'fread'? [-Wimplicit-function-declaration]
  read(fileDesc, buffer, 8);
  ^~~~
  fread
../src/main.c: In function 'write_reg':
../src/main.c:50:2: warning: implicit declaration of function 'write'; did you mean 'fwrite'? [-Wimplicit-function-declaration]
  write(fileDesc, buffer, 8);
  ^~~~~
  fwrite
'Finished building: ../src/main.c'
' '
'Building target: ZCU106_CustomIP_Linux_APP.elf'
'Invoking: ARM v8 Linux gcc linker'
aarch64-linux-gnu-gcc  -o "ZCU106_CustomIP_Linux_APP.elf"  ./src/main.o   
'Finished building target: ZCU106_CustomIP_Linux_APP.elf'
' '
'Invoking: ARM v8 Linux Print Size'
aarch64-linux-gnu-size ZCU106_CustomIP_Linux_APP.elf  |tee "ZCU106_CustomIP_Linux_APP.elf.size"
   text	   data	    bss	    dec	    hex	filename
   1916	    600	      8	   2524	    9dc	ZCU106_CustomIP_Linux_APP.elf
'Finished building: ZCU106_CustomIP_Linux_APP.elf.size'
' '
11:01:49 **** Incremental Build of configuration Debug for project ZCU106_CustomIP_Linux_APP ****
make all 
make: Nothing to be done for `all'.
11:01:59 **** Auto Build of configuration Debug for project ZCU106_CustomIP_Linux_APP ****
make all 
'Building file: ../src/main.c'
'Invoking: ARM v8 Linux gcc compiler'
aarch64-linux-gnu-gcc -Wall -O0 -g3 -c -fmessage-length=0 -MT"src/main.o" -MMD -MP -MF"src/main.d" -MT"src/main.o" -o "src/main.o" "../src/main.c"
../src/main.c: In function 'read_reg':
../src/main.c:34:2: warning: implicit declaration of function 'read'; did you mean 'fread'? [-Wimplicit-function-declaration]
  read(fileDesc, buffer, 8);
  ^~~~
  fread
../src/main.c: In function 'write_reg':
../src/main.c:50:2: warning: implicit declaration of function 'write'; did you mean 'fwrite'? [-Wimplicit-function-declaration]
  write(fileDesc, buffer, 8);
  ^~~~~
  fwrite
'Finished building: ../src/main.c'
' '
'Building target: ZCU106_CustomIP_Linux_APP.elf'
'Invoking: ARM v8 Linux gcc linker'
aarch64-linux-gnu-gcc  -o "ZCU106_CustomIP_Linux_APP.elf"  ./src/main.o   
'Finished building target: ZCU106_CustomIP_Linux_APP.elf'
' '
'Invoking: ARM v8 Linux Print Size'
aarch64-linux-gnu-size ZCU106_CustomIP_Linux_APP.elf  |tee "ZCU106_CustomIP_Linux_APP.elf.size"
   text	   data	    bss	    dec	    hex	filename
   1916	    600	      8	   2524	    9dc	ZCU106_CustomIP_Linux_APP.elf
'Finished building: ZCU106_CustomIP_Linux_APP.elf.size'
' '
11:02:02 **** Auto Build of configuration Debug for project ZCU106_CustomIP_Linux_APP ****
make all 
'Building file: ../src/main.c'
'Invoking: ARM v8 Linux gcc compiler'
aarch64-linux-gnu-gcc -Wall -O0 -g3 -c -fmessage-length=0 -MT"src/main.o" -MMD -MP -MF"src/main.d" -MT"src/main.o" -o "src/main.o" "../src/main.c"
../src/main.c: In function 'read_reg':
../src/main.c:34:2: warning: implicit declaration of function 'read'; did you mean 'fread'? [-Wimplicit-function-declaration]
  read(fileDesc, buffer, 8);
  ^~~~
  fread
../src/main.c: In function 'write_reg':
../src/main.c:50:2: warning: implicit declaration of function 'write'; did you mean 'fwrite'? [-Wimplicit-function-declaration]
  write(fileDesc, buffer, 8);
  ^~~~~
  fwrite
'Finished building: ../src/main.c'
' '
'Building target: ZCU106_CustomIP_Linux_APP.elf'
'Invoking: ARM v8 Linux gcc linker'
aarch64-linux-gnu-gcc  -o "ZCU106_CustomIP_Linux_APP.elf"  ./src/main.o   
'Finished building target: ZCU106_CustomIP_Linux_APP.elf'
' '
'Invoking: ARM v8 Linux Print Size'
aarch64-linux-gnu-size ZCU106_CustomIP_Linux_APP.elf  |tee "ZCU106_CustomIP_Linux_APP.elf.size"
   text	   data	    bss	    dec	    hex	filename
   1876	    600	      8	   2484	    9b4	ZCU106_CustomIP_Linux_APP.elf
'Finished building: ZCU106_CustomIP_Linux_APP.elf.size'
' '
11:02:45 **** Auto Build of configuration Debug for project ZCU106_CustomIP_Linux_APP ****
make all 
'Building file: ../src/main.c'
'Invoking: ARM v8 Linux gcc compiler'
aarch64-linux-gnu-gcc -Wall -O0 -g3 -c -fmessage-length=0 -MT"src/main.o" -MMD -MP -MF"src/main.d" -MT"src/main.o" -o "src/main.o" "../src/main.c"
../src/main.c: In function 'read_reg':
../src/main.c:34:2: warning: implicit declaration of function 'read'; did you mean 'fread'? [-Wimplicit-function-declaration]
  read(fileDesc, buffer, 8);
  ^~~~
  fread
../src/main.c: In function 'write_reg':
../src/main.c:50:2: warning: implicit declaration of function 'write'; did you mean 'fwrite'? [-Wimplicit-function-declaration]
  write(fileDesc, buffer, 8);
  ^~~~~
  fwrite
'Finished building: ../src/main.c'
' '
'Building target: ZCU106_CustomIP_Linux_APP.elf'
'Invoking: ARM v8 Linux gcc linker'
aarch64-linux-gnu-gcc  -o "ZCU106_CustomIP_Linux_APP.elf"  ./src/main.o   
'Finished building target: ZCU106_CustomIP_Linux_APP.elf'
' '
'Invoking: ARM v8 Linux Print Size'
aarch64-linux-gnu-size ZCU106_CustomIP_Linux_APP.elf  |tee "ZCU106_CustomIP_Linux_APP.elf.size"
   text	   data	    bss	    dec	    hex	filename
   1940	    600	      8	   2548	    9f4	ZCU106_CustomIP_Linux_APP.elf
'Finished building: ZCU106_CustomIP_Linux_APP.elf.size'
' '
11:03:00 **** Auto Build of configuration Debug for project ZCU106_CustomIP_Linux_APP ****
make all 
'Building file: ../src/main.c'
'Invoking: ARM v8 Linux gcc compiler'
aarch64-linux-gnu-gcc -Wall -O0 -g3 -c -fmessage-length=0 -MT"src/main.o" -MMD -MP -MF"src/main.d" -MT"src/main.o" -o "src/main.o" "../src/main.c"
../src/main.c: In function 'read_reg':
../src/main.c:34:2: warning: implicit declaration of function 'read'; did you mean 'fread'? [-Wimplicit-function-declaration]
  read(fileDesc, buffer, 8);
  ^~~~
  fread
../src/main.c: In function 'write_reg':
../src/main.c:50:2: warning: implicit declaration of function 'write'; did you mean 'fwrite'? [-Wimplicit-function-declaration]
  write(fileDesc, buffer, 8);
  ^~~~~
  fwrite
'Finished building: ../src/main.c'
' '
'Building target: ZCU106_CustomIP_Linux_APP.elf'
'Invoking: ARM v8 Linux gcc linker'
aarch64-linux-gnu-gcc  -o "ZCU106_CustomIP_Linux_APP.elf"  ./src/main.o   
'Finished building target: ZCU106_CustomIP_Linux_APP.elf'
' '
'Invoking: ARM v8 Linux Print Size'
aarch64-linux-gnu-size ZCU106_CustomIP_Linux_APP.elf  |tee "ZCU106_CustomIP_Linux_APP.elf.size"
   text	   data	    bss	    dec	    hex	filename
   1940	    600	      8	   2548	    9f4	ZCU106_CustomIP_Linux_APP.elf
'Finished building: ZCU106_CustomIP_Linux_APP.elf.size'
' '
11:03:07 **** Auto Build of configuration Debug for project ZCU106_CustomIP_Linux_APP ****
make all 
'Building file: ../src/main.c'
'Invoking: ARM v8 Linux gcc compiler'
aarch64-linux-gnu-gcc -Wall -O0 -g3 -c -fmessage-length=0 -MT"src/main.o" -MMD -MP -MF"src/main.d" -MT"src/main.o" -o "src/main.o" "../src/main.c"
../src/main.c: In function 'read_reg':
../src/main.c:34:2: warning: implicit declaration of function 'read'; did you mean 'fread'? [-Wimplicit-function-declaration]
  read(fileDesc, buffer, 8);
  ^~~~
  fread
../src/main.c: In function 'write_reg':
../src/main.c:50:2: warning: implicit declaration of function 'write'; did you mean 'fwrite'? [-Wimplicit-function-declaration]
  write(fileDesc, buffer, 8);
  ^~~~~
  fwrite
'Finished building: ../src/main.c'
' '
'Building target: ZCU106_CustomIP_Linux_APP.elf'
'Invoking: ARM v8 Linux gcc linker'
aarch64-linux-gnu-gcc  -o "ZCU106_CustomIP_Linux_APP.elf"  ./src/main.o   
'Finished building target: ZCU106_CustomIP_Linux_APP.elf'
' '
'Invoking: ARM v8 Linux Print Size'
aarch64-linux-gnu-size ZCU106_CustomIP_Linux_APP.elf  |tee "ZCU106_CustomIP_Linux_APP.elf.size"
   text	   data	    bss	    dec	    hex	filename
   1940	    600	      8	   2548	    9f4	ZCU106_CustomIP_Linux_APP.elf
'Finished building: ZCU106_CustomIP_Linux_APP.elf.size'
' '
11:03:58 **** Auto Build of configuration Debug for project ZCU106_CustomIP_Linux_APP ****
make all 
'Building file: ../src/main.c'
'Invoking: ARM v8 Linux gcc compiler'
aarch64-linux-gnu-gcc -Wall -O0 -g3 -c -fmessage-length=0 -MT"src/main.o" -MMD -MP -MF"src/main.d" -MT"src/main.o" -o "src/main.o" "../src/main.c"
../src/main.c: In function 'read_reg':
../src/main.c:34:2: warning: implicit declaration of function 'read'; did you mean 'fread'? [-Wimplicit-function-declaration]
  read(fileDesc, buffer, 8);
  ^~~~
  fread
../src/main.c: In function 'write_reg':
../src/main.c:50:2: warning: implicit declaration of function 'write'; did you mean 'fwrite'? [-Wimplicit-function-declaration]
  write(fileDesc, buffer, 8);
  ^~~~~
  fwrite
'Finished building: ../src/main.c'
' '
'Building target: ZCU106_CustomIP_Linux_APP.elf'
'Invoking: ARM v8 Linux gcc linker'
aarch64-linux-gnu-gcc  -o "ZCU106_CustomIP_Linux_APP.elf"  ./src/main.o   
'Finished building target: ZCU106_CustomIP_Linux_APP.elf'
' '
'Invoking: ARM v8 Linux Print Size'
aarch64-linux-gnu-size ZCU106_CustomIP_Linux_APP.elf  |tee "ZCU106_CustomIP_Linux_APP.elf.size"
   text	   data	    bss	    dec	    hex	filename
   1956	    600	      8	   2564	    a04	ZCU106_CustomIP_Linux_APP.elf
'Finished building: ZCU106_CustomIP_Linux_APP.elf.size'
' '
11:04:20 **** Auto Build of configuration Debug for project ZCU106_CustomIP_Linux_APP ****
make all 
'Building file: ../src/main.c'
'Invoking: ARM v8 Linux gcc compiler'
aarch64-linux-gnu-gcc -Wall -O0 -g3 -c -fmessage-length=0 -MT"src/main.o" -MMD -MP -MF"src/main.d" -MT"src/main.o" -o "src/main.o" "../src/main.c"
../src/main.c: In function 'read_reg':
../src/main.c:34:2: warning: implicit declaration of function 'read'; did you mean 'fread'? [-Wimplicit-function-declaration]
  read(fileDesc, buffer, 8);
  ^~~~
  fread
../src/main.c: In function 'write_reg':
../src/main.c:50:2: warning: implicit declaration of function 'write'; did you mean 'fwrite'? [-Wimplicit-function-declaration]
  write(fileDesc, buffer, 8);
  ^~~~~
  fwrite
'Finished building: ../src/main.c'
' '
'Building target: ZCU106_CustomIP_Linux_APP.elf'
'Invoking: ARM v8 Linux gcc linker'
aarch64-linux-gnu-gcc  -o "ZCU106_CustomIP_Linux_APP.elf"  ./src/main.o   
'Finished building target: ZCU106_CustomIP_Linux_APP.elf'
' '
'Invoking: ARM v8 Linux Print Size'
aarch64-linux-gnu-size ZCU106_CustomIP_Linux_APP.elf  |tee "ZCU106_CustomIP_Linux_APP.elf.size"
   text	   data	    bss	    dec	    hex	filename
   1978	    600	      8	   2586	    a1a	ZCU106_CustomIP_Linux_APP.elf
'Finished building: ZCU106_CustomIP_Linux_APP.elf.size'
' '
11:04:35 **** Auto Build of configuration Debug for project ZCU106_CustomIP_Linux_APP ****
make all 
'Building file: ../src/main.c'
'Invoking: ARM v8 Linux gcc compiler'
aarch64-linux-gnu-gcc -Wall -O0 -g3 -c -fmessage-length=0 -MT"src/main.o" -MMD -MP -MF"src/main.d" -MT"src/main.o" -o "src/main.o" "../src/main.c"
../src/main.c: In function 'read_reg':
../src/main.c:32:2: warning: implicit declaration of function 'read'; did you mean 'fread'? [-Wimplicit-function-declaration]
  read(fileDesc, buffer, 8);
  ^~~~
  fread
../src/main.c: In function 'write_reg':
../src/main.c:47:2: warning: implicit declaration of function 'write'; did you mean 'fwrite'? [-Wimplicit-function-declaration]
  write(fileDesc, buffer, 8);
  ^~~~~
  fwrite
'Finished building: ../src/main.c'
' '
'Building target: ZCU106_CustomIP_Linux_APP.elf'
'Invoking: ARM v8 Linux gcc linker'
aarch64-linux-gnu-gcc  -o "ZCU106_CustomIP_Linux_APP.elf"  ./src/main.o   
'Finished building target: ZCU106_CustomIP_Linux_APP.elf'
' '
'Invoking: ARM v8 Linux Print Size'
aarch64-linux-gnu-size ZCU106_CustomIP_Linux_APP.elf  |tee "ZCU106_CustomIP_Linux_APP.elf.size"
   text	   data	    bss	    dec	    hex	filename
   1978	    600	      8	   2586	    a1a	ZCU106_CustomIP_Linux_APP.elf
'Finished building: ZCU106_CustomIP_Linux_APP.elf.size'
' '
11:04:42 **** Incremental Build of configuration Debug for project ZCU106_CustomIP_Linux_APP ****
make all 
make: Nothing to be done for `all'.
11:05:30 **** Auto Build of configuration Debug for project ZCU106_CustomIP_Linux_APP ****
make all 
'Building file: ../src/main.c'
'Invoking: ARM v8 Linux gcc compiler'
aarch64-linux-gnu-gcc -Wall -O0 -g3 -c -fmessage-length=0 -MT"src/main.o" -MMD -MP -MF"src/main.d" -MT"src/main.o" -o "src/main.o" "../src/main.c"
../src/main.c: In function 'read_reg':
../src/main.c:32:2: warning: implicit declaration of function 'read'; did you mean 'fread'? [-Wimplicit-function-declaration]
  read(fileDesc, buffer, 8);
  ^~~~
  fread
../src/main.c: In function 'write_reg':
../src/main.c:47:2: warning: implicit declaration of function 'write'; did you mean 'fwrite'? [-Wimplicit-function-declaration]
  write(fileDesc, buffer, 8);
  ^~~~~
  fwrite
../src/main.c: At top level:
../src/main.c:83:14: error: redefinition of 'read_reg'
 unsigned int read_reg(int fileDesc, unsigned int regIndex)
              ^~~~~~~~
../src/main.c:27:14: note: previous definition of 'read_reg' was here
 unsigned int read_reg(int fileDesc, unsigned int regIndex)
              ^~~~~~~~
../src/main.c:96:6: error: redefinition of 'write_reg'
 void write_reg(int fileDesc, unsigned int regIndex, unsigned int regValue)
      ^~~~~~~~~
../src/main.c:40:6: note: previous definition of 'write_reg' was here
 void write_reg(int fileDesc, unsigned int regIndex, unsigned int regValue)
      ^~~~~~~~~
make: *** [src/main.o] ´íÎó 1
11:05:44 **** Auto Build of configuration Debug for project ZCU106_CustomIP_Linux_APP ****
make all 
'Building file: ../src/main.c'
'Invoking: ARM v8 Linux gcc compiler'
aarch64-linux-gnu-gcc -Wall -O0 -g3 -c -fmessage-length=0 -MT"src/main.o" -MMD -MP -MF"src/main.d" -MT"src/main.o" -o "src/main.o" "../src/main.c"
../src/main.c: In function 'read_reg':
../src/main.c:68:2: warning: implicit declaration of function 'read'; did you mean 'fread'? [-Wimplicit-function-declaration]
  read(fileDesc, buffer, 8);
  ^~~~
  fread
../src/main.c: In function 'write_reg':
../src/main.c:83:2: warning: implicit declaration of function 'write'; did you mean 'fwrite'? [-Wimplicit-function-declaration]
  write(fileDesc, buffer, 8);
  ^~~~~
  fwrite
'Finished building: ../src/main.c'
' '
'Building target: ZCU106_CustomIP_Linux_APP.elf'
'Invoking: ARM v8 Linux gcc linker'
aarch64-linux-gnu-gcc  -o "ZCU106_CustomIP_Linux_APP.elf"  ./src/main.o   
'Finished building target: ZCU106_CustomIP_Linux_APP.elf'
' '
'Invoking: ARM v8 Linux Print Size'
aarch64-linux-gnu-size ZCU106_CustomIP_Linux_APP.elf  |tee "ZCU106_CustomIP_Linux_APP.elf.size"
   text	   data	    bss	    dec	    hex	filename
   1978	    600	      8	   2586	    a1a	ZCU106_CustomIP_Linux_APP.elf
'Finished building: ZCU106_CustomIP_Linux_APP.elf.size'
' '
11:05:50 **** Incremental Build of configuration Debug for project ZCU106_CustomIP_Linux_APP ****
make all 
make: Nothing to be done for `all'.
11:05:55 **** Auto Build of configuration Debug for project ZCU106_CustomIP_Linux_APP ****
make all 
'Building file: ../src/main.c'
'Invoking: ARM v8 Linux gcc compiler'
aarch64-linux-gnu-gcc -Wall -O0 -g3 -c -fmessage-length=0 -MT"src/main.o" -MMD -MP -MF"src/main.d" -MT"src/main.o" -o "src/main.o" "../src/main.c"
../src/main.c: In function 'read_reg':
../src/main.c:68:2: warning: implicit declaration of function 'read'; did you mean 'fread'? [-Wimplicit-function-declaration]
  read(fileDesc, buffer, 8);
  ^~~~
  fread
../src/main.c: In function 'write_reg':
../src/main.c:83:2: warning: implicit declaration of function 'write'; did you mean 'fwrite'? [-Wimplicit-function-declaration]
  write(fileDesc, buffer, 8);
  ^~~~~
  fwrite
'Finished building: ../src/main.c'
' '
'Building target: ZCU106_CustomIP_Linux_APP.elf'
'Invoking: ARM v8 Linux gcc linker'
aarch64-linux-gnu-gcc  -o "ZCU106_CustomIP_Linux_APP.elf"  ./src/main.o   
'Finished building target: ZCU106_CustomIP_Linux_APP.elf'
' '
'Invoking: ARM v8 Linux Print Size'
aarch64-linux-gnu-size ZCU106_CustomIP_Linux_APP.elf  |tee "ZCU106_CustomIP_Linux_APP.elf.size"
   text	   data	    bss	    dec	    hex	filename
   1978	    600	      8	   2586	    a1a	ZCU106_CustomIP_Linux_APP.elf
'Finished building: ZCU106_CustomIP_Linux_APP.elf.size'
' '
11:05:58 **** Incremental Build of configuration Debug for project ZCU106_CustomIP_Linux_APP ****
make all 
make: Nothing to be done for `all'.
11:06:11 **** Auto Build of configuration Debug for project ZCU106_CustomIP_Linux_APP ****
make all 
'Building file: ../src/main.c'
'Invoking: ARM v8 Linux gcc compiler'
aarch64-linux-gnu-gcc -Wall -O0 -g3 -c -fmessage-length=0 -MT"src/main.o" -MMD -MP -MF"src/main.d" -MT"src/main.o" -o "src/main.o" "../src/main.c"
../src/main.c: In function 'read_reg':
../src/main.c:67:2: warning: implicit declaration of function 'read'; did you mean 'fread'? [-Wimplicit-function-declaration]
  read(fileDesc, buffer, 8);
  ^~~~
  fread
../src/main.c: In function 'write_reg':
../src/main.c:82:2: warning: implicit declaration of function 'write'; did you mean 'fwrite'? [-Wimplicit-function-declaration]
  write(fileDesc, buffer, 8);
  ^~~~~
  fwrite
'Finished building: ../src/main.c'
' '
'Building target: ZCU106_CustomIP_Linux_APP.elf'
'Invoking: ARM v8 Linux gcc linker'
aarch64-linux-gnu-gcc  -o "ZCU106_CustomIP_Linux_APP.elf"  ./src/main.o   
'Finished building target: ZCU106_CustomIP_Linux_APP.elf'
' '
'Invoking: ARM v8 Linux Print Size'
aarch64-linux-gnu-size ZCU106_CustomIP_Linux_APP.elf  |tee "ZCU106_CustomIP_Linux_APP.elf.size"
   text	   data	    bss	    dec	    hex	filename
   1978	    600	      8	   2586	    a1a	ZCU106_CustomIP_Linux_APP.elf
'Finished building: ZCU106_CustomIP_Linux_APP.elf.size'
' '
